Component: ARM Compiler 5.06 update 6 (build 750) Tool: armlink [4d35ed]

==============================================================================

Section Cross References

    system_stm32f10x.o(i.SetSysClock) refers to system_stm32f10x.o(i.SetSysClockTo72) for SetSysClockTo72
    system_stm32f10x.o(i.SystemCoreClockUpdate) refers to system_stm32f10x.o(.data) for SystemCoreClock
    system_stm32f10x.o(i.SystemInit) refers to system_stm32f10x.o(i.SetSysClock) for SetSysClock
    startup_stm32f10x_md.o(STACK) refers (Special) to heapauxi.o(.text) for __use_two_region_memory
    startup_stm32f10x_md.o(HEAP) refers (Special) to heapauxi.o(.text) for __use_two_region_memory
    startup_stm32f10x_md.o(RESET) refers (Special) to heapauxi.o(.text) for __use_two_region_memory
    startup_stm32f10x_md.o(RESET) refers to startup_stm32f10x_md.o(STACK) for __initial_sp
    startup_stm32f10x_md.o(RESET) refers to startup_stm32f10x_md.o(.text) for Reset_Handler
    startup_stm32f10x_md.o(RESET) refers to stm32f10x_it.o(i.NMI_Handler) for NMI_Handler
    startup_stm32f10x_md.o(RESET) refers to stm32f10x_it.o(i.HardFault_Handler) for HardFault_Handler
    startup_stm32f10x_md.o(RESET) refers to stm32f10x_it.o(i.MemManage_Handler) for MemManage_Handler
    startup_stm32f10x_md.o(RESET) refers to stm32f10x_it.o(i.BusFault_Handler) for BusFault_Handler
    startup_stm32f10x_md.o(RESET) refers to stm32f10x_it.o(i.UsageFault_Handler) for UsageFault_Handler
    startup_stm32f10x_md.o(RESET) refers to stm32f10x_it.o(i.SVC_Handler) for SVC_Handler
    startup_stm32f10x_md.o(RESET) refers to stm32f10x_it.o(i.DebugMon_Handler) for DebugMon_Handler
    startup_stm32f10x_md.o(RESET) refers to stm32f10x_it.o(i.PendSV_Handler) for PendSV_Handler
    startup_stm32f10x_md.o(RESET) refers to stm32f10x_it.o(i.SysTick_Handler) for SysTick_Handler
    startup_stm32f10x_md.o(RESET) refers to rtc.o(i.RTC_IRQHandler) for RTC_IRQHandler
    startup_stm32f10x_md.o(RESET) refers to stm32f10x_it.o(i.EXTI0_IRQHandler) for EXTI0_IRQHandler
    startup_stm32f10x_md.o(RESET) refers to stm32f10x_it.o(i.EXTI9_5_IRQHandler) for EXTI9_5_IRQHandler
    startup_stm32f10x_md.o(RESET) refers to stm32f10x_it.o(i.TIM2_IRQHandler) for TIM2_IRQHandler
    startup_stm32f10x_md.o(.text) refers (Special) to heapauxi.o(.text) for __use_two_region_memory
    startup_stm32f10x_md.o(.text) refers to system_stm32f10x.o(i.SystemInit) for SystemInit
    startup_stm32f10x_md.o(.text) refers to __main.o(!!!main) for __main
    startup_stm32f10x_md.o(.text) refers to startup_stm32f10x_md.o(HEAP) for Heap_Mem
    startup_stm32f10x_md.o(.text) refers to startup_stm32f10x_md.o(STACK) for Stack_Mem
    stm32f10x_it.o(i.EXTI0_IRQHandler) refers to stm32f10x_exti.o(i.EXTI_GetITStatus) for EXTI_GetITStatus
    stm32f10x_it.o(i.EXTI0_IRQHandler) refers to adxl313.o(i.ADXL313_GetRegData) for ADXL313_GetRegData
    stm32f10x_it.o(i.EXTI0_IRQHandler) refers to adxl313.o(i.ADXL313_Get3AxisData) for ADXL313_Get3AxisData
    stm32f10x_it.o(i.EXTI0_IRQHandler) refers to stm32f10x_exti.o(i.EXTI_ClearITPendingBit) for EXTI_ClearITPendingBit
    stm32f10x_it.o(i.EXTI0_IRQHandler) refers to main.o(.bss) for mainData
    stm32f10x_it.o(i.EXTI0_IRQHandler) refers to stm32f10x_it.o(.data) for Counter_I
    stm32f10x_it.o(i.EXTI9_5_IRQHandler) refers to stm32f10x_exti.o(i.EXTI_GetITStatus) for EXTI_GetITStatus
    stm32f10x_it.o(i.EXTI9_5_IRQHandler) refers to adxl313.o(i.ADXL313_GetRegData) for ADXL313_GetRegData
    stm32f10x_it.o(i.EXTI9_5_IRQHandler) refers to adxl313.o(i.ADXL313_Get3AxisData) for ADXL313_Get3AxisData
    stm32f10x_it.o(i.EXTI9_5_IRQHandler) refers to stm32f10x_exti.o(i.EXTI_ClearITPendingBit) for EXTI_ClearITPendingBit
    stm32f10x_it.o(i.SysTick_Handler) refers to bsp.o(.bss) for bspdata
    stm32f10x_it.o(i.TIM2_IRQHandler) refers to stm32f10x_tim.o(i.TIM_GetITStatus) for TIM_GetITStatus
    stm32f10x_it.o(i.TIM2_IRQHandler) refers to stm32f10x_tim.o(i.TIM_ClearITPendingBit) for TIM_ClearITPendingBit
    stm32f10x_it.o(i.TIM2_IRQHandler) refers to adxl313.o(i.ADXL313_Get3AxisData) for ADXL313_Get3AxisData
    stm32f10x_it.o(i.TIM2_IRQHandler) refers to fmul.o(x$fpl$fmul) for __aeabi_fmul
    stm32f10x_it.o(i.TIM2_IRQHandler) refers to faddsub_clz.o(x$fpl$fadd) for __aeabi_fadd
    stm32f10x_it.o(i.TIM2_IRQHandler) refers to sqrtf.o(i.sqrtf) for sqrtf
    stm32f10x_it.o(i.TIM2_IRQHandler) refers to fflt_clz.o(x$fpl$ffltu) for __aeabi_ui2f
    stm32f10x_it.o(i.TIM2_IRQHandler) refers to fleqf.o(x$fpl$fleqf) for __aeabi_cfcmple
    stm32f10x_it.o(i.TIM2_IRQHandler) refers to adxl313.o(.bss) for adxl313_data
    stm32f10x_it.o(i.TIM2_IRQHandler) refers to main.o(.bss) for mainData
    stm32f10x_it.o(i.TIM2_IRQHandler) refers to stm32f10x_it.o(.data) for Counter_I
    bsp.o(i.BSP_ADC_Init) refers to stm32f10x_rcc.o(i.RCC_APB2PeriphClockCmd) for RCC_APB2PeriphClockCmd
    bsp.o(i.BSP_ADC_Init) refers to stm32f10x_rcc.o(i.RCC_ADCCLKConfig) for RCC_ADCCLKConfig
[...]
    x$fpl$ffltu                              0x08004794   Section       38  fflt_clz.o(x$fpl$ffltu)
    x$fpl$fleqf                              0x080047bc   Section      104  fleqf.o(x$fpl$fleqf)
    x$fpl$fmul                               0x08004824   Section      258  fmul.o(x$fpl$fmul)
    x$fpl$fnaninf                            0x08004926   Section      140  fnaninf.o(x$fpl$fnaninf)
    x$fpl$fretinf                            0x080049b2   Section       10  fretinf.o(x$fpl$fretinf)
    x$fpl$frleqf                             0x080049bc   Section       98  frleqf.o(x$fpl$frleqf)
    x$fpl$fsqrt                              0x08004a20   Section      272  fsqrt.o(x$fpl$fsqrt)
    x$fpl$fsub                               0x08004b30   Section      234  faddsub_clz.o(x$fpl$fsub)
    _fsub1                                   0x08004b3f   Thumb Code     0  faddsub_clz.o(x$fpl$fsub)
    x$fpl$printf1                            0x08004c1a   Section        4  printf1.o(x$fpl$printf1)
    x$fpl$usenofp                            0x08004c1e   Section        0  usenofp.o(x$fpl$usenofp)
    .constdata                               0x08004c20   Section        8  _printf_wctomb.o(.constdata)
    initial_mbstate                          0x08004c20   Data           8  _printf_wctomb.o(.constdata)
    .constdata                               0x08004c28   Section       40  _printf_hex_int_ll_ptr.o(.constdata)
    uc_hextab                                0x08004c28   Data          20  _printf_hex_int_ll_ptr.o(.constdata)
    lc_hextab                                0x08004c3c   Data          20  _printf_hex_int_ll_ptr.o(.constdata)
    .constdata                               0x08004c50   Section       17  __printf_flags_ss_wp.o(.constdata)
    maptable                                 0x08004c50   Data          17  __printf_flags_ss_wp.o(.constdata)
    .constdata                               0x08004c64   Section      148  bigflt0.o(.constdata)
    tenpwrs_x                                0x08004c64   Data          60  bigflt0.o(.constdata)
    tenpwrs_i                                0x08004ca0   Data          64  bigflt0.o(.constdata)
    locale$$data                             0x08004d18   Section       28  lc_numeric_c.o(locale$$data)
    __lcnum_c_name                           0x08004d1c   Data           2  lc_numeric_c.o(locale$$data)
    __lcnum_c_start                          0x08004d24   Data           0  lc_numeric_c.o(locale$$data)
    __lcnum_c_point                          0x08004d30   Data           0  lc_numeric_c.o(locale$$data)
    __lcnum_c_thousands                      0x08004d32   Data           0  lc_numeric_c.o(locale$$data)
    __lcnum_c_grouping                       0x08004d33   Data           0  lc_numeric_c.o(locale$$data)
    locale$$data                             0x08004d34   Section      272  lc_ctype_c.o(locale$$data)
    __lcnum_c_end                            0x08004d34   Data           0  lc_numeric_c.o(locale$$data)
    __lcctype_c_name                         0x08004d38   Data           2  lc_ctype_c.o(locale$$data)
    __lcctype_c_start                        0x08004d40   Data           0  lc_ctype_c.o(locale$$data)
    __lcctype_c_end                          0x08004e44   Data           0  lc_ctype_c.o(locale$$data)
    .data                                    0x20000000   Section       20  system_stm32f10x.o(.data)
    .data                                    0x20000014   Section        8  stm32f10x_it.o(.data)
    .data                                    0x2000001c   Section       20  stm32f10x_rcc.o(.data)
    APBAHBPrescTable                         0x2000001c   Data          16  stm32f10x_rcc.o(.data)
    ADCPrescTable                            0x2000002c   Data           4  stm32f10x_rcc.o(.data)
    .data                                    0x20000030   Section       29  main.o(.data)
    .bss                                     0x20000050   Section       12  bsp.o(.bss)
    .bss                                     0x2000005c   Section       20  adxl313.o(.bss)
    .bss                                     0x20000070   Section      116  main.o(.bss)
    .bss                                     0x200000e4   Section       96  libspace.o(.bss)
    HEAP                                     0x20000148   Section      512  startup_stm32f10x_md.o(HEAP)
    Heap_Mem                                 0x20000148   Data         512  startup_stm32f10x_md.o(HEAP)
    STACK                                    0x20000348   Section     1024  startup_stm32f10x_md.o(STACK)
    Stack_Mem                                0x20000348   Data        1024  startup_stm32f10x_md.o(STACK)
    __initial_sp                             0x20000748   Data           0  startup_stm32f10x_md.o(STACK)

    Global Symbols

    Symbol Name                              Value     Ov Type        Size  Object(Section)

    BuildAttributes$$THM_ISAv4$P$D$K$B$S$PE$A:L22UL41UL21$X:L11$S22US41US21$IEEE1$IW$USESV6$~STKCKD$USESV7$~SHL$OTIME$ROPI$IEEEJ$EBA8$UX$STANDARDLIB$REQ8$PRES8$EABIv2 0x00000000   Number         0  anon$$obj.o ABSOLUTE
    __ARM_use_no_argv                        0x00000000   Number         0  main.o ABSOLUTE
    _printf_flags                            0x00000000   Number         0  printf_stubs.o ABSOLUTE
    _printf_return_value                     0x00000000   Number         0  printf_stubs.o ABSOLUTE
    _printf_sizespec                         0x00000000   Number         0  printf_stubs.o ABSOLUTE
    _printf_widthprec                        0x00000000   Number         0  printf_stubs.o ABSOLUTE
    __ARM_exceptions_init                     - Undefined Weak Reference
    __alloca_initialize                       - Undefined Weak Reference
    __arm_preinit_                            - Undefined Weak Reference
    __cpp_initialize__aeabi_                  - Undefined Weak Reference
    __cxa_finalize                            - Undefined Weak Reference
    __sigvec_lookup                           - Undefined Weak Reference
    _atexit_init                              - Undefined Weak Reference
    _call_atexit_fns                          - Undefined Weak Reference
    _clock_init                               - Undefined Weak Reference
    _fp_trap_init                             - Undefined Weak Reference
    _fp_trap_shutdown                         - Undefined Weak Reference
    _get_lc_collate                           - Undefined Weak Reference
    _get_lc_monetary                          - Undefined Weak Reference
    _get_lc_time                              - Undefined Weak Reference
    _getenv_init                              - Undefined Weak Reference
    _handle_redirection                       - Undefined Weak Reference
    _init_alloc                               - Undefined Weak Reference
    _init_user_alloc                          - Undefined Weak Reference
    _initio                                   - Undefined Weak Reference
    _printf_fp_hex                            - Undefined Weak Reference
    _printf_mbtowc                            - Undefined Weak Reference
    _printf_wc                                - Undefined Weak Reference
    _rand_init                                - Undefined Weak Reference
    _signal_finish                            - Undefined Weak Reference
    _signal_init                              - Undefined Weak Reference
    _terminate_alloc                          - Undefined Weak Reference
    _terminate_user_alloc                     - Undefined Weak Reference
    _terminateio                              - Undefined Weak Reference
    __Vectors_Size                           0x000000ec   Number         0  startup_stm32f10x_md.o ABSOLUTE
    __Vectors                                0x08000000   Data           4  startup_stm32f10x_md.o(RESET)
    __Vectors_End                            0x080000ec   Data           0  startup_stm32f10x_md.o(RESET)
    __main                                   0x080000ed   Thumb Code     8  __main.o(!!!main)
    __scatterload                            0x080000f5   Thumb Code     0  __scatter.o(!!!scatter)
    __scatterload_rt2                        0x080000f5   Thumb Code    44  __scatter.o(!!!scatter)
    __scatterload_rt2_thumb_only             0x080000f5   Thumb Code     0  __scatter.o(!!!scatter)
    __scatterload_null                       0x08000103   Thumb Code     0  __scatter.o(!!!scatter)
    __scatterload_copy                       0x08000129   Thumb Code    26  __scatter_copy.o(!!handler_copy)
    __scatterload_zeroinit                   0x08000145   Thumb Code    28  __scatter_zi.o(!!handler_zi)
    _printf_n                                0x08000161   Thumb Code     0  _printf_n.o(.ARM.Collect$$_printf_percent$$00000001)
    _printf_percent                          0x08000161   Thumb Code     0  _printf_percent.o(.ARM.Collect$$_printf_percent$$00000000)
    _printf_p                                0x08000167   Thumb Code     0  _printf_p.o(.ARM.Collect$$_printf_percent$$00000002)
    _printf_f                                0x0800016d   Thumb Code     0  _printf_f.o(.ARM.Collect$$_printf_percent$$00000003)
    _printf_e                                0x08000173   Thumb Code     0  _printf_e.o(.ARM.Collect$$_printf_percent$$00000004)
    _printf_g                                0x08000179   Thumb Code     0  _printf_g.o(.ARM.Collect$$_printf_percent$$00000005)
    _printf_a                                0x0800017f   Thumb Code     0  _printf_a.o(.ARM.Collect$$_printf_percent$$00000006)
    _printf_ll                               0x08000185   Thumb Code     0  _printf_ll.o(.ARM.Collect$$_printf_percent$$00000007)
    _printf_i                                0x0800018f   Thumb Code     0  _printf_i.o(.ARM.Collect$$_printf_percent$$00000008)
    _printf_d                                0x08000195   Thumb Code     0  _printf_d.o(.ARM.Collect$$_printf_percent$$00000009)
    _printf_u                                0x0800019b   Thumb Code     0  _printf_u.o(.ARM.Collect$$_printf_percent$$0000000A)
    _printf_o                                0x080001a1   Thumb Code     0  _printf_o.o(.ARM.Collect$$_printf_percent$$0000000B)
    _printf_x                                0x080001a7   Thumb Code     0  _printf_x.o(.ARM.Collect$$_printf_percent$$0000000C)
    _printf_lli                              0x080001ad   Thumb Code     0  _printf_lli.o(.ARM.Collect$$_printf_percent$$0000000D)
    _printf_lld                              0x080001b3   Thumb Code     0  _printf_lld.o(.ARM.Collect$$_printf_percent$$0000000E)
    _printf_llu                              0x080001b9   Thumb Code     0  _printf_llu.o(.ARM.Collect$$_printf_percent$$0000000F)
    _printf_llo                              0x080001bf   Thumb Code     0  _printf_llo.o(.ARM.Collect$$_printf_percent$$00000010)
    _printf_llx                              0x080001c5   Thumb Code     0  _printf_llx.o(.ARM.Collect$$_printf_percent$$00000011)
    _printf_l                                0x080001cb   Thumb Code     0  _printf_l.o(.ARM.Collect$$_printf_percent$$00000012)
    _printf_c                                0x080001d5   Thumb Code     0  _printf_c.o(.ARM.Collect$$_printf_percent$$00000013)
    _printf_s                                0x080001db   Thumb Code     0  _printf_s.o(.ARM.Collect$$_printf_percent$$00000014)
    _printf_lc                               0x080001e1   Thumb Code     0  _printf_lc.o(.ARM.Collect$$_printf_percent$$00000015)
    _printf_ls                               0x080001e7   Thumb Code     0  _printf_ls.o(.ARM.Collect$$_printf_percent$$00000016)
    _printf_percent_end                      0x080001ed   Thumb Code     0  _printf_percent_end.o(.ARM.Collect$$_printf_percent$$00000017)
    __rt_lib_init                            0x080001f1   Thumb Code     0  libinit.o(.ARM.Collect$$libinit$$00000000)
    __rt_lib_init_fp_1                       0x080001f3   Thumb Code     0  libinit2.o(.ARM.Collect$$libinit$$00000002)
    __rt_lib_init_heap_1                     0x080001f3   Thumb Code     0  libinit2.o(.ARM.Collect$$libinit$$0000000A)
    __rt_lib_init_lc_common                  0x080001f3   Thumb Code     0  libinit2.o(.ARM.Collect$$libinit$$0000000F)
    __rt_lib_init_preinit_1                  0x080001f3   Thumb Code     0  libinit2.o(.ARM.Collect$$libinit$$00000004)
    __rt_lib_init_rand_1                     0x080001f3   Thumb Code     0  libinit2.o(.ARM.Collect$$libinit$$0000000E)
    __rt_lib_init_user_alloc_1               0x080001f3   Thumb Code     0  libinit2.o(.ARM.Collect$$libinit$$0000000C)
    __rt_lib_init_lc_collate_1               0x080001f9   Thumb Code     0  libinit2.o(.ARM.Collect$$libinit$$00000011)
    __rt_lib_init_lc_ctype_2                 0x080001f9   Thumb Code     0  libinit2.o(.ARM.Collect$$libinit$$00000012)
    __rt_lib_init_lc_ctype_1                 0x08000205   Thumb Code     0  libinit2.o(.ARM.Collect$$libinit$$00000013)
    __rt_lib_init_lc_monetary_1              0x08000205   Thumb Code     0  libinit2.o(.ARM.Collect$$libinit$$00000015)
    __rt_lib_init_lc_numeric_2               0x08000205   Thumb Code     0  libinit2.o(.ARM.Collect$$libinit$$00000016)
    __rt_lib_init_alloca_1                   0x0800020f   Thumb Code     0  libinit2.o(.ARM.Collect$$libinit$$0000002E)
    __rt_lib_init_argv_1                     0x0800020f   Thumb Code     0  libinit2.o(.ARM.Collect$$libinit$$0000002C)
    __rt_lib_init_atexit_1                   0x0800020f   Thumb Code     0  libinit2.o(.ARM.Collect$$libinit$$0000001B)
    __rt_lib_init_clock_1                    0x0800020f   Thumb Code     0  libinit2.o(.ARM.Collect$$libinit$$00000021)
    __rt_lib_init_cpp_1                      0x0800020f   Thumb Code     0  libinit2.o(.ARM.Collect$$libinit$$00000032)
    __rt_lib_init_exceptions_1               0x0800020f   Thumb Code     0  libinit2.o(.ARM.Collect$$libinit$$00000030)
    __rt_lib_init_fp_trap_1                  0x0800020f   Thumb Code     0  libinit2.o(.ARM.Collect$$libinit$$0000001F)
    __rt_lib_init_getenv_1                   0x0800020f   Thumb Code     0  libinit2.o(.ARM.Collect$$libinit$$00000023)
    __rt_lib_init_lc_numeric_1               0x0800020f   Thumb Code     0  libinit2.o(.ARM.Collect$$libinit$$00000017)
    __rt_lib_init_lc_time_1                  0x0800020f   Thumb Code     0  libinit2.o(.ARM.Collect$$libinit$$00000019)
    __rt_lib_init_return                     0x0800020f   Thumb Code     0  libinit2.o(.ARM.Collect$$libinit$$00000033)
    __rt_lib_init_signal_1                   0x0800020f   Thumb Code     0  libinit2.o(.ARM.Collect$$libinit$$0000001D)
    __rt_lib_init_stdio_1                    0x0800020f   Thumb Code     0  libinit2.o(.ARM.Collect$$libinit$$00000025)
    __rt_lib_shutdown                        0x08000211   Thumb Code     0  libshutdown.o(.ARM.Collect$$libshutdown$$00000000)
    __rt_lib_shutdown_cpp_1                  0x08000213   Thumb Code     0  libshutdown2.o(.ARM.Collect$$libshutdown$$00000002)
    __rt_lib_shutdown_fp_trap_1              0x08000213   Thumb Code     0  libshutdown2.o(.ARM.Collect$$libshutdown$$00000007)
    __rt_lib_shutdown_heap_1                 0x08000213   Thumb Code     0  libshutdown2.o(.ARM.Collect$$libshutdown$$0000000F)
    __rt_lib_shutdown_return                 0x08000213   Thumb Code     0  libshutdown2.o(.ARM.Collect$$libshutdown$$00000010)
    __rt_lib_shutdown_signal_1               0x08000213   Thumb Code     0  libshutdown2.o(.ARM.Collect$$libshutdown$$0000000A)
    __rt_lib_shutdown_stdio_1                0x08000213   Thumb Code     0  libshutdown2.o(.ARM.Collect$$libshutdown$$00000004)
    __rt_lib_shutdown_user_alloc_1           0x08000213   Thumb Code     0  libshutdown2.o(.ARM.Collect$$libshutdown$$0000000C)
    __rt_entry                               0x08000215   Thumb Code     0  __rtentry.o(.ARM.Collect$$rtentry$$00000000)
    __rt_entry_presh_1                       0x08000215   Thumb Code     0  __rtentry2.o(.ARM.Collect$$rtentry$$00000002)
    __rt_entry_sh                            0x08000215   Thumb Code     0  __rtentry4.o(.ARM.Collect$$rtentry$$00000004)
    __rt_entry_li                            0x0800021b   Thumb Code     0  __rtentry2.o(.ARM.Collect$$rtentry$$0000000A)
    __rt_entry_postsh_1                      0x0800021b   Thumb Code     0  __rtentry2.o(.ARM.Collect$$rtentry$$00000009)
    __rt_entry_main                          0x0800021f   Thumb Code     0  __rtentry2.o(.ARM.Collect$$rtentry$$0000000D)
    __rt_entry_postli_1                      0x0800021f   Thumb Code     0  __rtentry2.o(.ARM.Collect$$rtentry$$0000000C)
    __rt_exit                                0x08000227   Thumb Code     0  rtexit.o(.ARM.Collect$$rtexit$$00000000)
    __rt_exit_ls                             0x08000229   Thumb Code     0  rtexit2.o(.ARM.Collect$$rtexit$$00000003)
    __rt_exit_prels_1                        0x08000229   Thumb Code     0  rtexit2.o(.ARM.Collect$$rtexit$$00000002)
    __rt_exit_exit                           0x0800022d   Thumb Code     0  rtexit2.o(.ARM.Collect$$rtexit$$00000004)
    Reset_Handler                            0x08000235   Thumb Code     8  startup_stm32f10x_md.o(.text)
    ADC1_2_IRQHandler                        0x0800024f   Thumb Code     0  startup_stm32f10x_md.o(.text)
    CAN1_RX1_IRQHandler                      0x0800024f   Thumb Code     0  startup_stm32f10x_md.o(.text)
    CAN1_SCE_IRQHandler                      0x0800024f   Thumb Code     0  startup_stm32f10x_md.o(.text)
    DMA1_Channel1_IRQHandler                 0x0800024f   Thumb Code     0  startup_stm32f10x_md.o(.text)
    DMA1_Channel2_IRQHandler                 0x0800024f   Thumb Code     0  startup_stm32f10x_md.o(.text)
    DMA1_Channel3_IRQHandler                 0x0800024f   Thumb Code     0  startup_stm32f10x_md.o(.text)
    DMA1_Channel4_IRQHandler                 0x0800024f   Thumb Code     0  startup_stm32f10x_md.o(.text)
    DMA1_Channel5_IRQHandler                 0x0800024f   Thumb Code     0  startup_stm32f10x_md.o(.text)
    DMA1_Channel6_IRQHandler                 0x0800024f   Thumb Code     0  startup_stm32f10x_md.o(.text)
    DMA1_Channel7_IRQHandler                 0x0800024f   Thumb Code     0  startup_stm32f10x_md.o(.text)
    EXTI15_10_IRQHandler                     0x0800024f   Thumb Code     0  startup_stm32f10x_md.o(.text)
    EXTI1_IRQHandler                         0x0800024f   Thumb Code     0  startup_stm32f10x_md.o(.text)
    EXTI2_IRQHandler                         0x0800024f   Thumb Code     0  startup_stm32f10x_md.o(.text)
    EXTI3_IRQHandler                         0x0800024f   Thumb Code     0  startup_stm32f10x_md.o(.text)
    EXTI4_IRQHandler                         0x0800024f   Thumb Code     0  startup_stm32f10x_md.o(.text)
    FLASH_IRQHandler                         0x0800024f   Thumb Code     0  startup_stm32f10x_md.o(.text)
    I2C1_ER_IRQHandler                       0x0800024f   Thumb Code     0  startup_stm32f10x_md.o(.text)
    I2C1_EV_IRQHandler                       0x0800024f   Thumb Code     0  startup_stm32f10x_md.o(.text)
    I2C2_ER_IRQHandler                       0x0800024f   Thumb Code     0  startup_stm32f10x_md.o(.text)
    I2C2_EV_IRQHandler                       0x0800024f   Thumb Code     0  startup_stm32f10x_md.o(.text)
    PVD_IRQHandler                           0x0800024f   Thumb Code     0  startup_stm32f10x_md.o(.text)
    RCC_IRQHandler                           0x0800024f   Thumb Code     0  startup_stm32f10x_md.o(.text)
    RTCAlarm_IRQHandler                      0x0800024f   Thumb Code     0  startup_stm32f10x_md.o(.text)
    SPI1_IRQHandler                          0x0800024f   Thumb Code     0  startup_stm32f10x_md.o(.text)
    SPI2_IRQHandler                          0x0800024f   Thumb Code     0  startup_stm32f10x_md.o(.text)
    TAMPER_IRQHandler                        0x0800024f   Thumb Code     0  startup_stm32f10x_md.o(.text)
    TIM1_BRK_IRQHandler                      0x0800024f   Thumb Code     0  startup_stm32f10x_md.o(.text)
    TIM1_CC_IRQHandler                       0x0800024f   Thumb Code     0  startup_stm32f10x_md.o(.text)
    TIM1_TRG_COM_IRQHandler                  0x0800024f   Thumb Code     0  startup_stm32f10x_md.o(.text)
    TIM1_UP_IRQHandler                       0x0800024f   Thumb Code     0  startup_stm32f10x_md.o(.text)
    TIM3_IRQHandler                          0x0800024f   Thumb Code     0  startup_stm32f10x_md.o(.text)
    TIM4_IRQHandler                          0x0800024f   Thumb Code     0  startup_stm32f10x_md.o(.text)
    USART1_IRQHandler                        0x0800024f   Thumb Code     0  startup_stm32f10x_md.o(.text)
    USART2_IRQHandler                        0x0800024f   Thumb Code     0  startup_stm32f10x_md.o(.text)
    USART3_IRQHandler                        0x0800024f   Thumb Code     0  startup_stm32f10x_md.o(.text)
    USBWakeUp_IRQHandler                     0x0800024f   Thumb Code     0  startup_stm32f10x_md.o(.text)
    USB_HP_CAN1_TX_IRQHandler                0x0800024f   Thumb Code     0  startup_stm32f10x_md.o(.text)
    USB_LP_CAN1_RX0_IRQHandler               0x0800024f   Thumb Code     0  startup_stm32f10x_md.o(.text)
    WWDG_IRQHandler                          0x0800024f   Thumb Code     0  startup_stm32f10x_md.o(.text)
    __user_initial_stackheap                 0x08000251   Thumb Code     0  startup_stm32f10x_md.o(.text)
    __c89vsprintf                            0x08000275   Thumb Code    32  c89vsprintf.o(.text)
    strncat                                  0x08000299   Thumb Code    36  strncat.o(.text)
    strlen                                   0x080002bd   Thumb Code    62  strlen.o(.text)
    __aeabi_memcpy                           0x080002fb   Thumb Code     0  rt_memcpy_v6.o(.text)
    __rt_memcpy                              0x080002fb   Thumb Code   138  rt_memcpy_v6.o(.text)
    _memcpy_lastbytes                        0x08000361   Thumb Code     0  rt_memcpy_v6.o(.text)
    __aeabi_memclr4                          0x08000385   Thumb Code     0  rt_memclr_w.o(.text)
    __aeabi_memclr8                          0x08000385   Thumb Code     0  rt_memclr_w.o(.text)
    __rt_memclr_w                            0x08000385   Thumb Code    78  rt_memclr_w.o(.text)
    _memset_w                                0x08000389   Thumb Code     0  rt_memclr_w.o(.text)
    __use_two_region_memory                  0x080003d3   Thumb Code     2  heapauxi.o(.text)
    __rt_heap_escrow$2region                 0x080003d5   Thumb Code     2  heapauxi.o(.text)
    __rt_heap_expand$2region                 0x080003d7   Thumb Code     2  heapauxi.o(.text)
    __read_errno                             0x080003d9   Thumb Code    10  _rserrno.o(.text)
    __set_errno                              0x080003e3   Thumb Code    12  _rserrno.o(.text)
    _printf_pre_padding                      0x080003ef   Thumb Code    44  _printf_pad.o(.text)
    _printf_post_padding                     0x0800041b   Thumb Code    34  _printf_pad.o(.text)
    _printf_truncate_signed                  0x0800043d   Thumb Code    18  _printf_truncate.o(.text)
    _printf_truncate_unsigned                0x0800044f   Thumb Code    18  _printf_truncate.o(.text)
    _printf_str                              0x08000461   Thumb Code    82  _printf_str.o(.text)
    _printf_int_dec                          0x080004b5   Thumb Code   104  _printf_dec.o(.text)
    _printf_charcount                        0x0800052d   Thumb Code    40  _printf_charcount.o(.text)
    _printf_char_common                      0x0800055f   Thumb Code    32  _printf_char_common.o(.text)
    _sputc                                   0x08000585   Thumb Code    10  _sputc.o(.text)
    _printf_wctomb                           0x08000591   Thumb Code   182  _printf_wctomb.o(.text)
    _printf_longlong_dec                     0x0800064d   Thumb Code   108  _printf_longlong_dec.o(.text)
    _printf_longlong_oct                     0x080006c9   Thumb Code    66  _printf_oct_int_ll.o(.text)
    _printf_int_oct                          0x0800070b   Thumb Code    24  _printf_oct_int_ll.o(.text)
    _printf_ll_oct                           0x08000723   Thumb Code    12  _printf_oct_int_ll.o(.text)
    _printf_longlong_hex                     0x08000739   Thumb Code    86  _printf_hex_int_ll_ptr.o(.text)
    _printf_int_hex                          0x0800078f   Thumb Code    28  _printf_hex_int_ll_ptr.o(.text)
    _printf_ll_hex                           0x080007ab   Thumb Code    12  _printf_hex_int_ll_ptr.o(.text)
    _printf_hex_ptr                          0x080007b7   Thumb Code    18  _printf_hex_int_ll_ptr.o(.text)
    __printf                                 0x080007cd   Thumb Code   388  __printf_flags_ss_wp.o(.text)
    __aeabi_memcpy4                          0x08000955   Thumb Code     0  rt_memcpy_w.o(.text)
    __aeabi_memcpy8                          0x08000955   Thumb Code     0  rt_memcpy_w.o(.text)
    __rt_memcpy_w                            0x08000955   Thumb Code   100  rt_memcpy_w.o(.text)
    _memcpy_lastbytes_aligned                0x0800099d   Thumb Code     0  rt_memcpy_w.o(.text)
    __aeabi_errno_addr                       0x080009b9   Thumb Code     8  rt_errno_addr_intlibspace.o(.text)
    __errno$intlibspace                      0x080009b9   Thumb Code     0  rt_errno_addr_intlibspace.o(.text)
    __rt_errno_addr$intlibspace              0x080009b9   Thumb Code     0  rt_errno_addr_intlibspace.o(.text)
    _ll_udiv10                               0x080009c1   Thumb Code   138  lludiv10.o(.text)
    _printf_int_common                       0x08000a4b   Thumb Code   178  _printf_intcommon.o(.text)
    __lib_sel_fp_printf                      0x08000afd   Thumb Code     2  _printf_fp_dec.o(.text)
    _printf_fp_dec_real                      0x08000caf   Thumb Code   620  _printf_fp_dec.o(.text)
    _printf_cs_common                        0x08000f1b   Thumb Code    20  _printf_char.o(.text)
    _printf_char                             0x08000f2f   Thumb Code    16  _printf_char.o(.text)
    _printf_string                           0x08000f3f   Thumb Code     8  _printf_char.o(.text)
    _printf_lcs_common                       0x08000f47   Thumb Code    20  _printf_wchar.o(.text)
    _printf_wchar                            0x08000f5b   Thumb Code    16  _printf_wchar.o(.text)
    _printf_wstring                          0x08000f6b   Thumb Code     8  _printf_wchar.o(.text)
    _wcrtomb                                 0x08000f73   Thumb Code    64  _wcrtomb.o(.text)
    __user_libspace                          0x08000fb5   Thumb Code     8  libspace.o(.text)
    __user_perproc_libspace                  0x08000fb5   Thumb Code     0  libspace.o(.text)
    __user_perthread_libspace                0x08000fb5   Thumb Code     0  libspace.o(.text)
    __user_setup_stackheap                   0x08000fbd   Thumb Code    74  sys_stackheap_outer.o(.text)
    __rt_ctype_table                         0x08001009   Thumb Code    16  rt_ctype_table.o(.text)
    __rt_locale                              0x08001019   Thumb Code     8  rt_locale_intlibspace.o(.text)
    _printf_fp_infnan                        0x08001021   Thumb Code   112  _printf_fp_infnan.o(.text)
    _btod_etento                             0x080010a1   Thumb Code   224  bigflt0.o(.text)
    exit                                     0x08001185   Thumb Code    18  exit.o(.text)
    strcmp                                   0x08001199   Thumb Code   128  strcmpv7m.o(.text)
    _sys_exit                                0x08001219   Thumb Code     8  sys_exit.o(.text)
    __I$use$semihosting                      0x08001225   Thumb Code     0  use_no_semi.o(.text)
    __use_no_semihosting_swi                 0x08001225   Thumb Code     2  use_no_semi.o(.text)
    __semihosting_library_function           0x08001227   Thumb Code     0  indicate_semi.o(.text)
    _btod_d2e                                0x08001227   Thumb Code    62  btod.o(CL$$btod_d2e)
    _d2e_denorm_low                          0x08001265   Thumb Code    70  btod.o(CL$$btod_d2e_denorm_low)
    _d2e_norm_op1                            0x080012ab   Thumb Code    96  btod.o(CL$$btod_d2e_norm_op1)
    __btod_div_common                        0x0800130b   Thumb Code   696  btod.o(CL$$btod_div_common)
    _e2e                                     0x08001643   Thumb Code   220  btod.o(CL$$btod_e2e)
    _btod_ediv                               0x0800171f   Thumb Code    42  btod.o(CL$$btod_ediv)
    _btod_emul                               0x08001749   Thumb Code    42  btod.o(CL$$btod_emul)
    __btod_mult_common                       0x08001773   Thumb Code   580  btod.o(CL$$btod_mult_common)
    ADC_Cmd                                  0x080019b7   Thumb Code    22  stm32f10x_adc.o(i.ADC_Cmd)
    ADC_DMACmd                               0x080019cd   Thumb Code    22  stm32f10x_adc.o(i.ADC_DMACmd)
    ADC_GetCalibrationStatus                 0x080019e3   Thumb Code    20  stm32f10x_adc.o(i.ADC_GetCalibrationStatus)
    ADC_GetResetCalibrationStatus            0x080019f7   Thumb Code    20  stm32f10x_adc.o(i.ADC_GetResetCalibrationStatus)
    ADC_Init                                 0x08001a0d   Thumb Code    70  stm32f10x_adc.o(i.ADC_Init)
    ADC_RegularChannelConfig                 0x08001a5d   Thumb Code   184  stm32f10x_adc.o(i.ADC_RegularChannelConfig)
    ADC_ResetCalibration                     0x08001b15   Thumb Code    10  stm32f10x_adc.o(i.ADC_ResetCalibration)
    ADC_SoftwareStartConvCmd                 0x08001b1f   Thumb Code    22  stm32f10x_adc.o(i.ADC_SoftwareStartConvCmd)
    ADC_StartCalibration                     0x08001b35   Thumb Code    10  stm32f10x_adc.o(i.ADC_StartCalibration)
    ADXL313_Get3AxisData                     0x08001b41   Thumb Code   226  adxl313.o(i.ADXL313_Get3AxisData)
    ADXL313_GetRegData                       0x08001c31   Thumb Code    48  adxl313.o(i.ADXL313_GetRegData)
    ADXL313_Init                             0x08001c65   Thumb Code   160  adxl313.o(i.ADXL313_Init)
    ADXL313_SetThresholdValue                0x08001d05   Thumb Code    62  adxl313.o(i.ADXL313_SetThresholdValue)
    ADXL313_WriteRagData                     0x08001d4d   Thumb Code    40  adxl313.o(i.ADXL313_WriteRagData)
    ADXL313_spiSwap                          0x08001d79   Thumb Code    14  adxl313.o(i.ADXL313_spiSwap)
    AdcData2Voltage                          0x08001d8d   Thumb Code   118  main.o(i.AdcData2Voltage)
    BKP_DeInit                               0x08001e19   Thumb Code    16  stm32f10x_bkp.o(i.BKP_DeInit)
    BSP_Init                                 0x0800223d   Thumb Code    36  bsp.o(i.BSP_Init)
    BusFault_Handler                         0x080023d5   Thumb Code     4  stm32f10x_it.o(i.BusFault_Handler)
    BuzzerOff                                0x080023d9   Thumb Code    14  main.o(i.BuzzerOff)
    BuzzerRing                               0x080023ed   Thumb Code    60  main.o(i.BuzzerRing)
    DATACmp                                  0x0800242d   Thumb Code    34  lora.o(i.DATACmp)
    DATACmps                                 0x0800244f   Thumb Code    62  lora.o(i.DATACmps)
    DMA_Cmd                                  0x0800248d   Thumb Code    24  stm32f10x_dma.o(i.DMA_Cmd)
    DMA_DeInit                               0x080024a5   Thumb Code   324  stm32f10x_dma.o(i.DMA_DeInit)
    DMA_Init                                 0x080025f1   Thumb Code    60  stm32f10x_dma.o(i.DMA_Init)
    DebugMon_Handler                         0x0800262d   Thumb Code     2  stm32f10x_it.o(i.DebugMon_Handler)
    EXTI0_IRQHandler                         0x08002631   Thumb Code   208  stm32f10x_it.o(i.EXTI0_IRQHandler)
    EXTI9_5_IRQHandler                       0x08002715   Thumb Code    32  stm32f10x_it.o(i.EXTI9_5_IRQHandler)
    EXTI_ClearITPendingBit                   0x08002735   Thumb Code     6  stm32f10x_exti.o(i.EXTI_ClearITPendingBit)
    EXTI_GetITStatus                         0x08002741   Thumb Code    34  stm32f10x_exti.o(i.EXTI_GetITStatus)
    EXTI_Init                                0x08002769   Thumb Code   142  stm32f10x_exti.o(i.EXTI_Init)
    FLASH_ErasePage                          0x080027fd   Thumb Code    72  stm32f10x_flash.o(i.FLASH_ErasePage)
    FLASH_GetBank1Status                     0x08002849   Thumb Code    48  stm32f10x_flash.o(i.FLASH_GetBank1Status)
    FLASH_Lock                               0x0800287d   Thumb Code    14  stm32f10x_flash.o(i.FLASH_Lock)
    FLASH_ProgramHalfWord                    0x08002891   Thumb Code    60  stm32f10x_flash.o(i.FLASH_ProgramHalfWord)
    FLASH_ReadHalfWord                       0x080028d1   Thumb Code     6  flash.o(i.FLASH_ReadHalfWord)
    FLASH_Unlock                             0x080028d9   Thumb Code    12  stm32f10x_flash.o(i.FLASH_Unlock)
    FLASH_WaitForLastOperation               0x080028f1   Thumb Code    38  stm32f10x_flash.o(i.FLASH_WaitForLastOperation)
    FLASH_WriteHalfWord                      0x08002919   Thumb Code    48  flash.o(i.FLASH_WriteHalfWord)
    GPIO_EXTILineConfig                      0x0800294d   Thumb Code    60  stm32f10x_gpio.o(i.GPIO_EXTILineConfig)
    GPIO_Init                                0x0800298d   Thumb Code   278  stm32f10x_gpio.o(i.GPIO_Init)
    GPIO_PinRemapConfig                      0x08002aa5   Thumb Code   138  stm32f10x_gpio.o(i.GPIO_PinRemapConfig)
    GPIO_ResetBits                           0x08002b35   Thumb Code     4  stm32f10x_gpio.o(i.GPIO_ResetBits)
    GPIO_SetBits                             0x08002b39   Thumb Code     4  stm32f10x_gpio.o(i.GPIO_SetBits)
    HardFault_Handler                        0x08002b3d   Thumb Code     4  stm32f10x_it.o(i.HardFault_Handler)
    IWDG_Enable                              0x08002b41   Thumb Code    10  stm32f10x_iwdg.o(i.IWDG_Enable)
    IWDG_Feed                                0x08002b51   Thumb Code    10  rtc.o(i.IWDG_Feed)
    IWDG_Init                                0x08002b61   Thumb Code    34  rtc.o(i.IWDG_Init)
    IWDG_ReloadCounter                       0x08002b85   Thumb Code    10  stm32f10x_iwdg.o(i.IWDG_ReloadCounter)
    IWDG_SetPrescaler                        0x08002b95   Thumb Code     6  stm32f10x_iwdg.o(i.IWDG_SetPrescaler)
    IWDG_SetReload                           0x08002ba1   Thumb Code     6  stm32f10x_iwdg.o(i.IWDG_SetReload)
    IWDG_WriteAccessCmd                      0x08002bad   Thumb Code     6  stm32f10x_iwdg.o(i.IWDG_WriteAccessCmd)
    LORA_Config                              0x08002be9   Thumb Code   294  lora.o(i.LORA_Config)
    LORA_Tx                                  0x08002d45   Thumb Code   178  lora.o(i.LORA_Tx)
    MemManage_Handler                        0x08002e0d   Thumb Code     4  stm32f10x_it.o(i.MemManage_Handler)
    NMI_Handler                              0x08002e11   Thumb Code     2  stm32f10x_it.o(i.NMI_Handler)
    NVIC_Init                                0x08002e15   Thumb Code   100  misc.o(i.NVIC_Init)
    NVIC_PriorityGroupConfig                 0x08002e85   Thumb Code    10  misc.o(i.NVIC_PriorityGroupConfig)
    PWR_BackupAccessCmd                      0x08002e99   Thumb Code     6  stm32f10x_pwr.o(i.PWR_BackupAccessCmd)
    PendSV_Handler                           0x08002ea5   Thumb Code     2  stm32f10x_it.o(i.PendSV_Handler)
    RCC_ADCCLKConfig                         0x08002ea9   Thumb Code    18  stm32f10x_rcc.o(i.RCC_ADCCLKConfig)
    RCC_AHBPeriphClockCmd                    0x08002ec1   Thumb Code    26  stm32f10x_rcc.o(i.RCC_AHBPeriphClockCmd)
    RCC_APB1PeriphClockCmd                   0x08002ee1   Thumb Code    26  stm32f10x_rcc.o(i.RCC_APB1PeriphClockCmd)
    RCC_APB2PeriphClockCmd                   0x08002f01   Thumb Code    26  stm32f10x_rcc.o(i.RCC_APB2PeriphClockCmd)
    RCC_BackupResetCmd                       0x08002f21   Thumb Code     6  stm32f10x_rcc.o(i.RCC_BackupResetCmd)
    RCC_GetClocksFreq                        0x08002f2d   Thumb Code   192  stm32f10x_rcc.o(i.RCC_GetClocksFreq)
    RCC_GetFlagStatus                        0x08003005   Thumb Code    56  stm32f10x_rcc.o(i.RCC_GetFlagStatus)
    RCC_LSEConfig                            0x08003041   Thumb Code    46  stm32f10x_rcc.o(i.RCC_LSEConfig)
    RCC_RTCCLKCmd                            0x08003075   Thumb Code     6  stm32f10x_rcc.o(i.RCC_RTCCLKCmd)
    RCC_RTCCLKConfig                         0x08003081   Thumb Code    12  stm32f10x_rcc.o(i.RCC_RTCCLKConfig)
    RTC_ClearITPendingBit                    0x08003091   Thumb Code    12  stm32f10x_rtc.o(i.RTC_ClearITPendingBit)
    RTC_EnterConfigMode                      0x080030a1   Thumb Code    14  stm32f10x_rtc.o(i.RTC_EnterConfigMode)
    RTC_ExitConfigMode                       0x080030b5   Thumb Code    16  stm32f10x_rtc.o(i.RTC_ExitConfigMode)
    RTC_GetITStatus                          0x080030c9   Thumb Code    32  stm32f10x_rtc.o(i.RTC_GetITStatus)
    RTC_IRQHandler                           0x080030ed   Thumb Code    62  rtc.o(i.RTC_IRQHandler)
    RTC_ITConfig                             0x08003131   Thumb Code    26  stm32f10x_rtc.o(i.RTC_ITConfig)
    RTC_Init                                 0x08003151   Thumb Code   128  rtc.o(i.RTC_Init)
    RTC_NVIC_Config                          0x080031d5   Thumb Code    32  rtc.o(i.RTC_NVIC_Config)
    RTC_SetAlarm                             0x080031f5   Thumb Code    24  stm32f10x_rtc.o(i.RTC_SetAlarm)
    RTC_SetCounter                           0x08003211   Thumb Code    24  stm32f10x_rtc.o(i.RTC_SetCounter)
    RTC_SetPrescaler                         0x0800322d   Thumb Code    26  stm32f10x_rtc.o(i.RTC_SetPrescaler)
    RTC_WaitForLastTask                      0x0800324d   Thumb Code    16  stm32f10x_rtc.o(i.RTC_WaitForLastTask)
    RTC_WaitForSynchro                       0x08003261   Thumb Code    30  stm32f10x_rtc.o(i.RTC_WaitForSynchro)
    SPI_Cmd                                  0x08003285   Thumb Code    24  stm32f10x_spi.o(i.SPI_Cmd)
    SPI_I2S_GetFlagStatus                    0x0800329d   Thumb Code    18  stm32f10x_spi.o(i.SPI_I2S_GetFlagStatus)
    SPI_I2S_ReceiveData                      0x080032af   Thumb Code     6  stm32f10x_spi.o(i.SPI_I2S_ReceiveData)
    SPI_I2S_SendData                         0x080032b5   Thumb Code     4  stm32f10x_spi.o(i.SPI_I2S_SendData)
    SPI_Init                                 0x080032b9   Thumb Code    60  stm32f10x_spi.o(i.SPI_Init)
    SVC_Handler                              0x080032f5   Thumb Code     2  stm32f10x_it.o(i.SVC_Handler)
    SendServer                               0x080032f9   Thumb Code   184  main.o(i.SendServer)
    Start                                    0x080034b5   Thumb Code   252  main.o(i.Start)
    SysTick_Handler                          0x080035cd   Thumb Code    12  stm32f10x_it.o(i.SysTick_Handler)
    SystemInit                               0x080035dd   Thumb Code    78  system_stm32f10x.o(i.SystemInit)
    TIM2_IRQHandler                          0x0800363d   Thumb Code   266  stm32f10x_it.o(i.TIM2_IRQHandler)
    TIM_ClearITPendingBit                    0x08003761   Thumb Code     6  stm32f10x_tim.o(i.TIM_ClearITPendingBit)
    TIM_Cmd                                  0x08003767   Thumb Code    24  stm32f10x_tim.o(i.TIM_Cmd)
    TIM_GetITStatus                          0x0800377f   Thumb Code    34  stm32f10x_tim.o(i.TIM_GetITStatus)
    TIM_ITConfig                             0x080037a1   Thumb Code    18  stm32f10x_tim.o(i.TIM_ITConfig)
    TIM_OC1Init                              0x080037b5   Thumb Code   132  stm32f10x_tim.o(i.TIM_OC1Init)
    TIM_OC1PreloadConfig                     0x0800384d   Thumb Code    18  stm32f10x_tim.o(i.TIM_OC1PreloadConfig)
    TIM_TimeBaseInit                         0x08003861   Thumb Code   122  stm32f10x_tim.o(i.TIM_TimeBaseInit)
    USART_ClearFlag                          0x08003905   Thumb Code    18  stm32f10x_usart.o(i.USART_ClearFlag)
    USART_Cmd                                0x08003917   Thumb Code    24  stm32f10x_usart.o(i.USART_Cmd)
    USART_DMACmd                             0x0800392f   Thumb Code    18  stm32f10x_usart.o(i.USART_DMACmd)
    USART_GetFlagStatus                      0x08003941   Thumb Code    26  stm32f10x_usart.o(i.USART_GetFlagStatus)
    USART_Init                               0x0800395d   Thumb Code   210  stm32f10x_usart.o(i.USART_Init)
    USART_SendData                           0x08003a35   Thumb Code     8  stm32f10x_usart.o(i.USART_SendData)
    UsageFault_Handler                       0x08003a3d   Thumb Code     4  stm32f10x_it.o(i.UsageFault_Handler)
    __ARM_fpclassify                         0x08003a41   Thumb Code    40  fpclassify.o(i.__ARM_fpclassify)
    _is_digit                                0x08003a69   Thumb Code    14  __printf_wp.o(i._is_digit)
    bsp_delayms                              0x08003a79   Thumb Code    18  bsp.o(i.bsp_delayms)
    fun_printf                               0x08003a91   Thumb Code    66  bsp.o(i.fun_printf)
    fun_spiSwap                              0x08003ad3   Thumb Code    52  bsp.o(i.fun_spiSwap)
    fun_usartSend                            0x08003b07   Thumb Code    30  bsp.o(i.fun_usartSend)
    fun_usartSends                           0x08003b25   Thumb Code    36  bsp.o(i.fun_usartSends)
    main                                     0x08003b49   Thumb Code   538  main.o(i.main)
    sqrtf                                    0x08003db5   Thumb Code    44  sqrtf.o(i.sqrtf)
    _get_lc_numeric                          0x08003de1   Thumb Code    44  lc_numeric_c.o(locale$$code)
    _get_lc_ctype                            0x08003e0d   Thumb Code    44  lc_ctype_c.o(locale$$code)
    __aeabi_d2f                              0x08003e39   Thumb Code     0  d2f.o(x$fpl$d2f)
    _d2f                                     0x08003e39   Thumb Code    98  d2f.o(x$fpl$d2f)
    __fpl_dcmp_Inf                           0x08003e9b   Thumb Code    24  dcmpi.o(x$fpl$dcmpinf)
    __aeabi_ddiv                             0x08003eb5   Thumb Code     0  ddiv.o(x$fpl$ddiv)
    _ddiv                                    0x08003eb5   Thumb Code   552  ddiv.o(x$fpl$ddiv)
    __aeabi_ui2d                             0x08004165   Thumb Code     0  dflt_clz.o(x$fpl$dfltu)
    _dfltu                                   0x08004165   Thumb Code    38  dflt_clz.o(x$fpl$dfltu)
    __aeabi_cdcmple                          0x0800418d   Thumb Code     0  dleqf.o(x$fpl$dleqf)
    _dcmple                                  0x0800418d   Thumb Code   120  dleqf.o(x$fpl$dleqf)
    __fpl_dcmple_InfNaN                      0x080041ef   Thumb Code     0  dleqf.o(x$fpl$dleqf)
    __aeabi_dmul                             0x08004205   Thumb Code     0  dmul.o(x$fpl$dmul)
    _dmul                                    0x08004205   Thumb Code   332  dmul.o(x$fpl$dmul)
    __fpl_dnaninf                            0x08004359   Thumb Code   156  dnaninf.o(x$fpl$dnaninf)
    __fpl_dretinf                            0x080043f5   Thumb Code    12  dretinf.o(x$fpl$dretinf)
    __aeabi_cdrcmple                         0x08004401   Thumb Code     0  drleqf.o(x$fpl$drleqf)
    _drcmple                                 0x08004401   Thumb Code   108  drleqf.o(x$fpl$drleqf)
    __aeabi_f2d                              0x0800446d   Thumb Code     0  f2d.o(x$fpl$f2d)
    _f2d                                     0x0800446d   Thumb Code    86  f2d.o(x$fpl$f2d)
    __aeabi_fadd                             0x080044c5   Thumb Code     0  faddsub_clz.o(x$fpl$fadd)
    _fadd                                    0x080044c5   Thumb Code   196  faddsub_clz.o(x$fpl$fadd)
    __fpl_fcmp_Inf                           0x08004589   Thumb Code    24  fcmpi.o(x$fpl$fcmpinf)
    __aeabi_fdiv                             0x080045a1   Thumb Code     0  fdiv.o(x$fpl$fdiv)
    _fdiv                                    0x080045a1   Thumb Code   384  fdiv.o(x$fpl$fdiv)
    __aeabi_f2uiz                            0x08004725   Thumb Code     0  ffixu.o(x$fpl$ffixu)
    _ffixu                                   0x08004725   Thumb Code    62  ffixu.o(x$fpl$ffixu)
    __aeabi_i2f                              0x08004765   Thumb Code     0  fflt_clz.o(x$fpl$fflt)
    _fflt                                    0x08004765   Thumb Code    48  fflt_clz.o(x$fpl$fflt)
    __aeabi_ui2f                             0x08004795   Thumb Code     0  fflt_clz.o(x$fpl$ffltu)
    _ffltu                                   0x08004795   Thumb Code    38  fflt_clz.o(x$fpl$ffltu)
    __aeabi_cfcmple                          0x080047bd   Thumb Code     0  fleqf.o(x$fpl$fleqf)
    _fcmple                                  0x080047bd   Thumb Code   104  fleqf.o(x$fpl$fleqf)
    __fpl_fcmple_InfNaN                      0x0800480f   Thumb Code     0  fleqf.o(x$fpl$fleqf)
    __aeabi_fmul                             0x08004825   Thumb Code     0  fmul.o(x$fpl$fmul)
    _fmul                                    0x08004825   Thumb Code   258  fmul.o(x$fpl$fmul)
    __fpl_fnaninf                            0x08004927   Thumb Code   140  fnaninf.o(x$fpl$fnaninf)
    __fpl_fretinf                            0x080049b3   Thumb Code    10  fretinf.o(x$fpl$fretinf)
    __aeabi_cfrcmple                         0x080049bd   Thumb Code     0  frleqf.o(x$fpl$frleqf)
    _frcmple                                 0x080049bd   Thumb Code    98  frleqf.o(x$fpl$frleqf)
    _fsqrt                                   0x08004a21   Thumb Code   272  fsqrt.o(x$fpl$fsqrt)
    __aeabi_fsub                             0x08004b31   Thumb Code     0  faddsub_clz.o(x$fpl$fsub)
    _fsub                                    0x08004b31   Thumb Code   234  faddsub_clz.o(x$fpl$fsub)
    _printf_fp_dec                           0x08004c1b   Thumb Code     4  printf1.o(x$fpl$printf1)
    __I$use$fp                               0x08004c1e   Number         0  usenofp.o(x$fpl$usenofp)
    Region$$Table$$Base                      0x08004cf8   Number         0  anon$$obj.o(Region$$Table)
    Region$$Table$$Limit                     0x08004d18   Number         0  anon$$obj.o(Region$$Table)
    __ctype                                  0x08004d41   Data           0  lc_ctype_c.o(locale$$data)
    SystemCoreClock                          0x20000000   Data           4  system_stm32f10x.o(.data)
    AHBPrescTable                            0x20000004   Data          16  system_stm32f10x.o(.data)
    Counter_I                                0x20000014   Data           4  stm32f10x_it.o(.data)
    COunter_J                                0x20000018   Data           4  stm32f10x_it.o(.data)
    Counter_i                                0x20000030   Data           4  main.o(.data)
    TimeStampA                               0x20000034   Data           4  main.o(.data)
    TimeStampB                               0x20000038   Data           4  main.o(.data)
    TimeStampDiff                            0x2000003c   Data           4  main.o(.data)
    serverRes                                0x20000040   Data           4  main.o(.data)
    logIn                                    0x20000044   Data           4  main.o(.data)
    txData                                   0x20000048   Data           5  main.o(.data)
    bspdata                                  0x20000050   Data          12  bsp.o(.bss)
    adxl313_data                             0x2000005c   Data          20  adxl313.o(.bss)
    mainData                                 0x20000070   Data         116  main.o(.bss)
    __libspace_start                         0x200000e4   Data          96  libspace.o(.bss)
    __temporary_stack_top$libspace           0x20000144   Data           0  libspace.o(.bss)



==============================================================================

Memory Map of the image

  Image Entry point : 0x080000ed

  Load Region LR_IROM1 (Base: 0x08000000, Size: 0x00004e94, Max: 0x00010000, ABSOLUTE)

    Execution Region ER_IROM1 (Exec base: 0x08000000, Load base: 0x08000000, Size: 0x00004e44, Max: 0x00010000, ABSOLUTE)

    Exec Addr    Load Addr    Size         Type   Attr      Idx    E Section Name        Object

    0x08000000   0x08000000   0x000000ec   Data   RO          132    RESET               startup_stm32f10x_md.o
    0x080000ec   0x080000ec   0x00000008   Code   RO         2632  * !!!main             c_w.l(__main.o)
    0x080000f4   0x080000f4   0x00000034   Code   RO         3021    !!!scatter          c_w.l(__scatter.o)
    0x08000128   0x08000128   0x0000001a   Code   RO         3023    !!handler_copy      c_w.l(__scatter_copy.o)
    0x08000142   0x08000142   0x00000002   PAD
    0x08000144   0x08000144   0x0000001c   Code   RO         3025    !!handler_zi        c_w.l(__scatter_zi.o)
    0x08000160   0x08000160   0x00000000   Code   RO         2770    .ARM.Collect$$_printf_percent$$00000000  c_w.l(_printf_percent.o)
    0x08000160   0x08000160   0x00000006   Code   RO         2759    .ARM.Collect$$_printf_percent$$00000001  c_w.l(_printf_n.o)
    0x08000166   0x08000166   0x00000006   Code   RO         2761    .ARM.Collect$$_printf_percent$$00000002  c_w.l(_printf_p.o)
    0x0800016c   0x0800016c   0x00000006   Code   RO         2766    .ARM.Collect$$_printf_percent$$00000003  c_w.l(_printf_f.o)
    0x08000172   0x08000172   0x00000006   Code   RO         2767    .ARM.Collect$$_printf_percent$$00000004  c_w.l(_printf_e.o)
    0x08000178   0x08000178   0x00000006   Code   RO         2768    .ARM.Collect$$_printf_percent$$00000005  c_w.l(_printf_g.o)
    0x0800017e   0x0800017e   0x00000006   Code   RO         2769    .ARM.Collect$$_printf_percent$$00000006  c_w.l(_printf_a.o)
    0x08000184   0x08000184   0x0000000a   Code   RO         2774    .ARM.Collect$$_printf_percent$$00000007  c_w.l(_printf_ll.o)
    0x0800018e   0x0800018e   0x00000006   Code   RO         2763    .ARM.Collect$$_printf_percent$$00000008  c_w.l(_printf_i.o)
    0x08000194   0x08000194   0x00000006   Code   RO         2764    .ARM.Collect$$_printf_percent$$00000009  c_w.l(_printf_d.o)
    0x0800019a   0x0800019a   0x00000006   Code   RO         2765    .ARM.Collect$$_printf_percent$$0000000A  c_w.l(_printf_u.o)
    0x080001a0   0x080001a0   0x00000006   Code   RO         2762    .ARM.Collect$$_printf_percent$$0000000B  c_w.l(_printf_o.o)
    0x080001a6   0x080001a6   0x00000006   Code   RO         2760    .ARM.Collect$$_printf_percent$$0000000C  c_w.l(_printf_x.o)
    0x080001ac   0x080001ac   0x00000006   Code   RO         2771    .ARM.Collect$$_printf_percent$$0000000D  c_w.l(_printf_lli.o)
    0x080001b2   0x080001b2   0x00000006   Code   RO         2772    .ARM.Collect$$_printf_percent$$0000000E  c_w.l(_printf_lld.o)
    0x080001b8   0x080001b8   0x00000006   Code   RO         2773    .ARM.Collect$$_printf_percent$$0000000F  c_w.l(_printf_llu.o)
    0x080001be   0x080001be   0x00000006   Code   RO         2778    .ARM.Collect$$_printf_percent$$00000010  c_w.l(_printf_llo.o)
    0x080001c4   0x080001c4   0x00000006   Code   RO         2779    .ARM.Collect$$_printf_percent$$00000011  c_w.l(_printf_llx.o)
    0x080001ca   0x080001ca   0x0000000a   Code   RO         2775    .ARM.Collect$$_printf_percent$$00000012  c_w.l(_printf_l.o)
    0x080001d4   0x080001d4   0x00000006   Code   RO         2757    .ARM.Collect$$_printf_percent$$00000013  c_w.l(_printf_c.o)
    0x080001da   0x080001da   0x00000006   Code   RO         2758    .ARM.Collect$$_printf_percent$$00000014  c_w.l(_printf_s.o)
    0x080001e0   0x080001e0   0x00000006   Code   RO         2776    .ARM.Collect$$_printf_percent$$00000015  c_w.l(_printf_lc.o)
    0x080001e6   0x080001e6   0x00000006   Code   RO         2777    .ARM.Collect$$_printf_percent$$00000016  c_w.l(_printf_ls.o)
    0x080001ec   0x080001ec   0x00000004   Code   RO         2831    .ARM.Collect$$_printf_percent$$00000017  c_w.l(_printf_percent_end.o)
    0x080001f0   0x080001f0   0x00000002   Code   RO         2885    .ARM.Collect$$libinit$$00000000  c_w.l(libinit.o)
    0x080001f2   0x080001f2   0x00000000   Code   RO         2898    .ARM.Collect$$libinit$$00000002  c_w.l(libinit2.o)
    0x080001f2   0x080001f2   0x00000000   Code   RO         2900    .ARM.Collect$$libinit$$00000004  c_w.l(libinit2.o)
    0x080001f2   0x080001f2   0x00000000   Code   RO         2903    .ARM.Collect$$libinit$$0000000A  c_w.l(libinit2.o)
    0x080001f2   0x080001f2   0x00000000   Code   RO         2905    .ARM.Collect$$libinit$$0000000C  c_w.l(libinit2.o)
    0x080001f2   0x080001f2   0x00000000   Code   RO         2907    .ARM.Collect$$libinit$$0000000E  c_w.l(libinit2.o)
    0x080001f2   0x080001f2   0x00000006   Code   RO         2908    .ARM.Collect$$libinit$$0000000F  c_w.l(libinit2.o)
    0x080001f8   0x080001f8   0x00000000   Code   RO         2910    .ARM.Collect$$libinit$$00000011  c_w.l(libinit2.o)
    0x080001f8   0x080001f8   0x0000000c   Code   RO         2911    .ARM.Collect$$libinit$$00000012  c_w.l(libinit2.o)
    0x08000204   0x08000204   0x00000000   Code   RO         2912    .ARM.Collect$$libinit$$00000013  c_w.l(libinit2.o)
    0x08000204   0x08000204   0x00000000   Code   RO         2914    .ARM.Collect$$libinit$$00000015  c_w.l(libinit2.o)
    0x08000204   0x08000204   0x0000000a   Code   RO         2915    .ARM.Collect$$libinit$$00000016  c_w.l(libinit2.o)
    0x0800020e   0x0800020e   0x00000000   Code   RO         2916    .ARM.Collect$$libinit$$00000017  c_w.l(libinit2.o)
    0x0800020e   0x0800020e   0x00000000   Code   RO         2918    .ARM.Collect$$libinit$$00000019  c_w.l(libinit2.o)
    0x0800020e   0x0800020e   0x00000000   Code   RO         2920    .ARM.Collect$$libinit$$0000001B  c_w.l(libinit2.o)
    0x0800020e   0x0800020e   0x00000000   Code   RO         2922    .ARM.Collect$$libinit$$0000001D  c_w.l(libinit2.o)
    0x0800020e   0x0800020e   0x00000000   Code   RO         2924    .ARM.Collect$$libinit$$0000001F  c_w.l(libinit2.o)
    0x0800020e   0x0800020e   0x00000000   Code   RO         2926    .ARM.Collect$$libinit$$00000021  c_w.l(libinit2.o)
    0x0800020e   0x0800020e   0x00000000   Code   RO         2928    .ARM.Collect$$libinit$$00000023  c_w.l(libinit2.o)
    0x0800020e   0x0800020e   0x00000000   Code   RO         2930    .ARM.Collect$$libinit$$00000025  c_w.l(libinit2.o)
    0x0800020e   0x0800020e   0x00000000   Code   RO         2934    .ARM.Collect$$libinit$$0000002C  c_w.l(libinit2.o)
    0x0800020e   0x0800020e   0x00000000   Code   RO         2936    .ARM.Collect$$libinit$$0000002E  c_w.l(libinit2.o)
    0x0800020e   0x0800020e   0x00000000   Code   RO         2938    .ARM.Collect$$libinit$$00000030  c_w.l(libinit2.o)
    0x0800020e   0x0800020e   0x00000000   Code   RO         2940    .ARM.Collect$$libinit$$00000032  c_w.l(libinit2.o)
    0x0800020e   0x0800020e   0x00000002   Code   RO         2941    .ARM.Collect$$libinit$$00000033  c_w.l(libinit2.o)
    0x08000210   0x08000210   0x00000002   Code   RO         2961    .ARM.Collect$$libshutdown$$00000000  c_w.l(libshutdown.o)
    0x08000212   0x08000212   0x00000000   Code   RO         2974    .ARM.Collect$$libshutdown$$00000002  c_w.l(libshutdown2.o)
    0x08000212   0x08000212   0x00000000   Code   RO         2976    .ARM.Collect$$libshutdown$$00000004  c_w.l(libshutdown2.o)
    0x08000212   0x08000212   0x00000000   Code   RO         2979    .ARM.Collect$$libshutdown$$00000007  c_w.l(libshutdown2.o)
    0x08000212   0x08000212   0x00000000   Code   RO         2982    .ARM.Collect$$libshutdown$$0000000A  c_w.l(libshutdown2.o)
    0x08000212   0x08000212   0x00000000   Code   RO         2984    .ARM.Collect$$libshutdown$$0000000C  c_w.l(libshutdown2.o)
    0x08000212   0x08000212   0x00000000   Code   RO         2987    .ARM.Collect$$libshutdown$$0000000F  c_w.l(libshutdown2.o)
    0x08000212   0x08000212   0x00000002   Code   RO         2988    .ARM.Collect$$libshutdown$$00000010  c_w.l(libshutdown2.o)
    0x08000214   0x08000214   0x00000000   Code   RO         2686    .ARM.Collect$$rtentry$$00000000  c_w.l(__rtentry.o)
    0x08000214   0x08000214   0x00000000   Code   RO         2800    .ARM.Collect$$rtentry$$00000002  c_w.l(__rtentry2.o)
    0x08000214   0x08000214   0x00000006   Code   RO         2812    .ARM.Collect$$rtentry$$00000004  c_w.l(__rtentry4.o)
    0x0800021a   0x0800021a   0x00000000   Code   RO         2802    .ARM.Collect$$rtentry$$00000009  c_w.l(__rtentry2.o)
    0x0800021a   0x0800021a   0x00000004   Code   RO         2803    .ARM.Collect$$rtentry$$0000000A  c_w.l(__rtentry2.o)
    0x0800021e   0x0800021e   0x00000000   Code   RO         2805    .ARM.Collect$$rtentry$$0000000C  c_w.l(__rtentry2.o)
    0x0800021e   0x0800021e   0x00000008   Code   RO         2806    .ARM.Collect$$rtentry$$0000000D  c_w.l(__rtentry2.o)
    0x08000226   0x08000226   0x00000002   Code   RO         2890    .ARM.Collect$$rtexit$$00000000  c_w.l(rtexit.o)
    0x08000228   0x08000228   0x00000000   Code   RO         2943    .ARM.Collect$$rtexit$$00000002  c_w.l(rtexit2.o)
    0x08000228   0x08000228   0x00000004   Code   RO         2944    .ARM.Collect$$rtexit$$00000003  c_w.l(rtexit2.o)
    0x0800022c   0x0800022c   0x00000006   Code   RO         2945    .ARM.Collect$$rtexit$$00000004  c_w.l(rtexit2.o)
    0x08000232   0x08000232   0x00000002   PAD
    0x08000234   0x08000234   0x00000040   Code   RO          133    .text               startup_stm32f10x_md.o
    0x08000274   0x08000274   0x00000024   Code   RO         2620    .text               c_w.l(c89vsprintf.o)
    0x08000298   0x08000298   0x00000024   Code   RO         2622    .text               c_w.l(strncat.o)
    0x080002bc   0x080002bc   0x0000003e   Code   RO         2624    .text               c_w.l(strlen.o)
    0x080002fa   0x080002fa   0x0000008a   Code   RO         2626    .text               c_w.l(rt_memcpy_v6.o)
    0x08000384   0x08000384   0x0000004e   Code   RO         2628    .text               c_w.l(rt_memclr_w.o)
    0x080003d2   0x080003d2   0x00000006   Code   RO         2630    .text               c_w.l(heapauxi.o)
    0x080003d8   0x080003d8   0x00000016   Code   RO         2687    .text               c_w.l(_rserrno.o)
    0x080003ee   0x080003ee   0x0000004e   Code   RO         2691    .text               c_w.l(_printf_pad.o)
    0x0800043c   0x0800043c   0x00000024   Code   RO         2693    .text               c_w.l(_printf_truncate.o)
    0x08000460   0x08000460   0x00000052   Code   RO         2695    .text               c_w.l(_printf_str.o)
    0x080004b2   0x080004b2   0x00000002   PAD
    0x080004b4   0x080004b4   0x00000078   Code   RO         2697    .text               c_w.l(_printf_dec.o)
    0x0800052c   0x0800052c   0x00000028   Code   RO         2699    .text               c_w.l(_printf_charcount.o)
    0x08000554   0x08000554   0x00000030   Code   RO         2701    .text               c_w.l(_printf_char_common.o)
    0x08000584   0x08000584   0x0000000a   Code   RO         2703    .text               c_w.l(_sputc.o)
    0x0800058e   0x0800058e   0x00000002   PAD
    0x08000590   0x08000590   0x000000bc   Code   RO         2705    .text               c_w.l(_printf_wctomb.o)
    0x0800064c   0x0800064c   0x0000007c   Code   RO         2708    .text               c_w.l(_printf_longlong_dec.o)
    0x080006c8   0x080006c8   0x00000070   Code   RO         2714    .text               c_w.l(_printf_oct_int_ll.o)
    0x08000738   0x08000738   0x00000094   Code   RO         2734    .text               c_w.l(_printf_hex_int_ll_ptr.o)
    0x080007cc   0x080007cc   0x00000188   Code   RO         2754    .text               c_w.l(__printf_flags_ss_wp.o)
    0x08000954   0x08000954   0x00000064   Code   RO         2780    .text               c_w.l(rt_memcpy_w.o)
    0x080009b8   0x080009b8   0x00000008   Code   RO         2817    .text               c_w.l(rt_errno_addr_intlibspace.o)
    0x080009c0   0x080009c0   0x0000008a   Code   RO         2819    .text               c_w.l(lludiv10.o)
    0x08000a4a   0x08000a4a   0x000000b2   Code   RO         2821    .text               c_w.l(_printf_intcommon.o)
    0x08000afc   0x08000afc   0x0000041e   Code   RO         2823    .text               c_w.l(_printf_fp_dec.o)
    0x08000f1a   0x08000f1a   0x0000002c   Code   RO         2827    .text               c_w.l(_printf_char.o)
    0x08000f46   0x08000f46   0x0000002c   Code   RO         2829    .text               c_w.l(_printf_wchar.o)
    0x08000f72   0x08000f72   0x00000040   Code   RO         2832    .text               c_w.l(_wcrtomb.o)
    0x08000fb2   0x08000fb2   0x00000002   PAD
    0x08000fb4   0x08000fb4   0x00000008   Code   RO         2836    .text               c_w.l(libspace.o)
    0x08000fbc   0x08000fbc   0x0000004a   Code   RO         2839    .text               c_w.l(sys_stackheap_outer.o)
    0x08001006   0x08001006   0x00000002   PAD
    0x08001008   0x08001008   0x00000010   Code   RO         2841    .text               c_w.l(rt_ctype_table.o)
    0x08001018   0x08001018   0x00000008   Code   RO         2846    .text               c_w.l(rt_locale_intlibspace.o)
    0x08001020   0x08001020   0x00000080   Code   RO         2848    .text               c_w.l(_printf_fp_infnan.o)
    0x080010a0   0x080010a0   0x000000e4   Code   RO         2850    .text               c_w.l(bigflt0.o)
    0x08001184   0x08001184   0x00000012   Code   RO         2878    .text               c_w.l(exit.o)
    0x08001196   0x08001196   0x00000002   PAD
    0x08001198   0x08001198   0x00000080   Code   RO         2895    .text               c_w.l(strcmpv7m.o)
    0x08001218   0x08001218   0x0000000c   Code   RO         2953    .text               c_w.l(sys_exit.o)
    0x08001224   0x08001224   0x00000002   Code   RO         2964    .text               c_w.l(use_no_semi.o)
    0x08001226   0x08001226   0x00000000   Code   RO         2966    .text               c_w.l(indicate_semi.o)
    0x08001226   0x08001226   0x0000003e   Code   RO         2853    CL$$btod_d2e        c_w.l(btod.o)
    0x08001264   0x08001264   0x00000046   Code   RO         2855    CL$$btod_d2e_denorm_low  c_w.l(btod.o)
    0x080012aa   0x080012aa   0x00000060   Code   RO         2854    CL$$btod_d2e_norm_op1  c_w.l(btod.o)
    0x0800130a   0x0800130a   0x00000338   Code   RO         2863    CL$$btod_div_common  c_w.l(btod.o)
    0x08001642   0x08001642   0x000000dc   Code   RO         2860    CL$$btod_e2e        c_w.l(btod.o)
    0x0800171e   0x0800171e   0x0000002a   Code   RO         2857    CL$$btod_ediv       c_w.l(btod.o)
    0x08001748   0x08001748   0x0000002a   Code   RO         2856    CL$$btod_emul       c_w.l(btod.o)
    0x08001772   0x08001772   0x00000244   Code   RO         2862    CL$$btod_mult_common  c_w.l(btod.o)
    0x080019b6   0x080019b6   0x00000016   Code   RO          563    i.ADC_Cmd           stm32f10x_adc.o
    0x080019cc   0x080019cc   0x00000016   Code   RO          564    i.ADC_DMACmd        stm32f10x_adc.o
    0x080019e2   0x080019e2   0x00000014   Code   RO          571    i.ADC_GetCalibrationStatus  stm32f10x_adc.o
    0x080019f6   0x080019f6   0x00000014   Code   RO          577    i.ADC_GetResetCalibrationStatus  stm32f10x_adc.o
    0x08001a0a   0x08001a0a   0x00000002   PAD
    0x08001a0c   0x08001a0c   0x00000050   Code   RO          581    i.ADC_Init          stm32f10x_adc.o
    0x08001a5c   0x08001a5c   0x000000b8   Code   RO          585    i.ADC_RegularChannelConfig  stm32f10x_adc.o
    0x08001b14   0x08001b14   0x0000000a   Code   RO          586    i.ADC_ResetCalibration  stm32f10x_adc.o
    0x08001b1e   0x08001b1e   0x00000016   Code   RO          588    i.ADC_SoftwareStartConvCmd  stm32f10x_adc.o
    0x08001b34   0x08001b34   0x0000000a   Code   RO          590    i.ADC_StartCalibration  stm32f10x_adc.o
    0x08001b3e   0x08001b3e   0x00000002   PAD
    0x08001b40   0x08001b40   0x000000f0   Code   RO          360    i.ADXL313_Get3AxisData  adxl313.o
    0x08001c30   0x08001c30   0x00000034   Code   RO          361    i.ADXL313_GetRegData  adxl313.o
    0x08001c64   0x08001c64   0x000000a0   Code   RO          362    i.ADXL313_Init      adxl313.o
    0x08001d04   0x08001d04   0x00000048   Code   RO          363    i.ADXL313_SetThresholdValue  adxl313.o
    0x08001d4c   0x08001d4c   0x0000002c   Code   RO          364    i.ADXL313_WriteRagData  adxl313.o
    0x08001d78   0x08001d78   0x00000014   Code   RO          365    i.ADXL313_spiSwap   adxl313.o
    0x08001d8c   0x08001d8c   0x0000008c   Code   RO         2559    i.AdcData2Voltage   main.o
    0x08001e18   0x08001e18   0x00000010   Code   RO         2423    i.BKP_DeInit        stm32f10x_bkp.o
    0x08001e28   0x08001e28   0x00000098   Code   RO          264    i.BSP_ADC_Init      bsp.o
    0x08001ec0   0x08001ec0   0x00000100   Code   RO          265    i.BSP_DMA_Init      bsp.o
    0x08001fc0   0x08001fc0   0x00000084   Code   RO          266    i.BSP_EXTI_Init     bsp.o
    0x08002044   0x08002044   0x000001f8   Code   RO          267    i.BSP_GPIO_Init     bsp.o
    0x0800223c   0x0800223c   0x00000024   Code   RO          268    i.BSP_Init          bsp.o
    0x08002260   0x08002260   0x0000005c   Code   RO          269    i.BSP_SPI_Init      bsp.o
    0x080022bc   0x080022bc   0x0000008c   Code   RO          270    i.BSP_TIM_Init      bsp.o
    0x08002348   0x08002348   0x0000008c   Code   RO          271    i.BSP_USART_Init    bsp.o
    0x080023d4   0x080023d4   0x00000004   Code   RO          137    i.BusFault_Handler  stm32f10x_it.o
    0x080023d8   0x080023d8   0x00000014   Code   RO         2560    i.BuzzerOff         main.o
    0x080023ec   0x080023ec   0x00000040   Code   RO         2562    i.BuzzerRing        main.o
    0x0800242c   0x0800242c   0x00000022   Code   RO          483    i.DATACmp           lora.o
    0x0800244e   0x0800244e   0x0000003e   Code   RO          484    i.DATACmps          lora.o
    0x0800248c   0x0800248c   0x00000018   Code   RO          805    i.DMA_Cmd           stm32f10x_dma.o
    0x080024a4   0x080024a4   0x0000014c   Code   RO          806    i.DMA_DeInit        stm32f10x_dma.o
    0x080025f0   0x080025f0   0x0000003c   Code   RO          811    i.DMA_Init          stm32f10x_dma.o
    0x0800262c   0x0800262c   0x00000002   Code   RO          138    i.DebugMon_Handler  stm32f10x_it.o
    0x0800262e   0x0800262e   0x00000002   PAD
    0x08002630   0x08002630   0x000000e4   Code   RO          139    i.EXTI0_IRQHandler  stm32f10x_it.o
    0x08002714   0x08002714   0x00000020   Code   RO          140    i.EXTI9_5_IRQHandler  stm32f10x_it.o
    0x08002734   0x08002734   0x0000000c   Code   RO          876    i.EXTI_ClearITPendingBit  stm32f10x_exti.o
    0x08002740   0x08002740   0x00000028   Code   RO          880    i.EXTI_GetITStatus  stm32f10x_exti.o
    0x08002768   0x08002768   0x00000094   Code   RO          881    i.EXTI_Init         stm32f10x_exti.o
    0x080027fc   0x080027fc   0x0000004c   Code   RO         2120    i.FLASH_ErasePage   stm32f10x_flash.o
    0x08002848   0x08002848   0x00000034   Code   RO         2121    i.FLASH_GetBank1Status  stm32f10x_flash.o
    0x0800287c   0x0800287c   0x00000014   Code   RO         2130    i.FLASH_Lock        stm32f10x_flash.o
    0x08002890   0x08002890   0x00000040   Code   RO         2133    i.FLASH_ProgramHalfWord  stm32f10x_flash.o
    0x080028d0   0x080028d0   0x00000006   Code   RO          408    i.FLASH_ReadHalfWord  flash.o
    0x080028d6   0x080028d6   0x00000002   PAD
    0x080028d8   0x080028d8   0x00000018   Code   RO         2138    i.FLASH_Unlock      stm32f10x_flash.o
    0x080028f0   0x080028f0   0x00000026   Code   RO         2142    i.FLASH_WaitForLastOperation  stm32f10x_flash.o
    0x08002916   0x08002916   0x00000002   PAD
    0x08002918   0x08002918   0x00000034   Code   RO          411    i.FLASH_WriteHalfWord  flash.o
    0x0800294c   0x0800294c   0x00000040   Code   RO          932    i.GPIO_EXTILineConfig  stm32f10x_gpio.o
    0x0800298c   0x0800298c   0x00000116   Code   RO          935    i.GPIO_Init         stm32f10x_gpio.o
    0x08002aa2   0x08002aa2   0x00000002   PAD
    0x08002aa4   0x08002aa4   0x00000090   Code   RO          937    i.GPIO_PinRemapConfig  stm32f10x_gpio.o
    0x08002b34   0x08002b34   0x00000004   Code   RO          942    i.GPIO_ResetBits    stm32f10x_gpio.o
    0x08002b38   0x08002b38   0x00000004   Code   RO          943    i.GPIO_SetBits      stm32f10x_gpio.o
    0x08002b3c   0x08002b3c   0x00000004   Code   RO          141    i.HardFault_Handler  stm32f10x_it.o
    0x08002b40   0x08002b40   0x00000010   Code   RO         2289    i.IWDG_Enable       stm32f10x_iwdg.o
    0x08002b50   0x08002b50   0x00000010   Code   RO          444    i.IWDG_Feed         rtc.o
    0x08002b60   0x08002b60   0x00000022   Code   RO          445    i.IWDG_Init         rtc.o
    0x08002b82   0x08002b82   0x00000002   PAD
    0x08002b84   0x08002b84   0x00000010   Code   RO         2291    i.IWDG_ReloadCounter  stm32f10x_iwdg.o
    0x08002b94   0x08002b94   0x0000000c   Code   RO         2292    i.IWDG_SetPrescaler  stm32f10x_iwdg.o
    0x08002ba0   0x08002ba0   0x0000000c   Code   RO         2293    i.IWDG_SetReload    stm32f10x_iwdg.o
    0x08002bac   0x08002bac   0x0000000c   Code   RO         2294    i.IWDG_WriteAccessCmd  stm32f10x_iwdg.o
    0x08002bb8   0x08002bb8   0x00000030   Code   RO          485    i.LORA_Check        lora.o
    0x08002be8   0x08002be8   0x0000015c   Code   RO          486    i.LORA_Config       lora.o
    0x08002d44   0x08002d44   0x000000c8   Code   RO          487    i.LORA_Tx           lora.o
    0x08002e0c   0x08002e0c   0x00000004   Code   RO          142    i.MemManage_Handler  stm32f10x_it.o
    0x08002e10   0x08002e10   0x00000002   Code   RO          143    i.NMI_Handler       stm32f10x_it.o
    0x08002e12   0x08002e12   0x00000002   PAD
    0x08002e14   0x08002e14   0x00000070   Code   RO          521    i.NVIC_Init         misc.o
    0x08002e84   0x08002e84   0x00000014   Code   RO          522    i.NVIC_PriorityGroupConfig  misc.o
    0x08002e98   0x08002e98   0x0000000c   Code   RO         2499    i.PWR_BackupAccessCmd  stm32f10x_pwr.o
    0x08002ea4   0x08002ea4   0x00000002   Code   RO          144    i.PendSV_Handler    stm32f10x_it.o
    0x08002ea6   0x08002ea6   0x00000002   PAD
    0x08002ea8   0x08002ea8   0x00000018   Code   RO         1043    i.RCC_ADCCLKConfig  stm32f10x_rcc.o
    0x08002ec0   0x08002ec0   0x00000020   Code   RO         1044    i.RCC_AHBPeriphClockCmd  stm32f10x_rcc.o
    0x08002ee0   0x08002ee0   0x00000020   Code   RO         1045    i.RCC_APB1PeriphClockCmd  stm32f10x_rcc.o
    0x08002f00   0x08002f00   0x00000020   Code   RO         1047    i.RCC_APB2PeriphClockCmd  stm32f10x_rcc.o
    0x08002f20   0x08002f20   0x0000000c   Code   RO         1050    i.RCC_BackupResetCmd  stm32f10x_rcc.o
    0x08002f2c   0x08002f2c   0x000000d8   Code   RO         1055    i.RCC_GetClocksFreq  stm32f10x_rcc.o
    0x08003004   0x08003004   0x0000003c   Code   RO         1056    i.RCC_GetFlagStatus  stm32f10x_rcc.o
    0x08003040   0x08003040   0x00000034   Code   RO         1063    i.RCC_LSEConfig     stm32f10x_rcc.o
    0x08003074   0x08003074   0x0000000c   Code   RO         1070    i.RCC_RTCCLKCmd     stm32f10x_rcc.o
    0x08003080   0x08003080   0x00000010   Code   RO         1071    i.RCC_RTCCLKConfig  stm32f10x_rcc.o
    0x08003090   0x08003090   0x00000010   Code   RO         2332    i.RTC_ClearITPendingBit  stm32f10x_rtc.o
    0x080030a0   0x080030a0   0x00000014   Code   RO         2333    i.RTC_EnterConfigMode  stm32f10x_rtc.o
    0x080030b4   0x080030b4   0x00000014   Code   RO         2334    i.RTC_ExitConfigMode  stm32f10x_rtc.o
    0x080030c8   0x080030c8   0x00000024   Code   RO         2338    i.RTC_GetITStatus   stm32f10x_rtc.o
    0x080030ec   0x080030ec   0x00000044   Code   RO          446    i.RTC_IRQHandler    rtc.o
    0x08003130   0x08003130   0x00000020   Code   RO         2339    i.RTC_ITConfig      stm32f10x_rtc.o
    0x08003150   0x08003150   0x00000084   Code   RO          447    i.RTC_Init          rtc.o
    0x080031d4   0x080031d4   0x00000020   Code   RO          448    i.RTC_NVIC_Config   rtc.o
    0x080031f4   0x080031f4   0x0000001c   Code   RO         2340    i.RTC_SetAlarm      stm32f10x_rtc.o
    0x08003210   0x08003210   0x0000001c   Code   RO         2341    i.RTC_SetCounter    stm32f10x_rtc.o
    0x0800322c   0x0800322c   0x00000020   Code   RO         2342    i.RTC_SetPrescaler  stm32f10x_rtc.o
    0x0800324c   0x0800324c   0x00000014   Code   RO         2343    i.RTC_WaitForLastTask  stm32f10x_rtc.o
    0x08003260   0x08003260   0x00000024   Code   RO         2344    i.RTC_WaitForSynchro  stm32f10x_rtc.o
    0x08003284   0x08003284   0x00000018   Code   RO         1976    i.SPI_Cmd           stm32f10x_spi.o
    0x0800329c   0x0800329c   0x00000012   Code   RO         1984    i.SPI_I2S_GetFlagStatus  stm32f10x_spi.o
    0x080032ae   0x080032ae   0x00000006   Code   RO         1987    i.SPI_I2S_ReceiveData  stm32f10x_spi.o
    0x080032b4   0x080032b4   0x00000004   Code   RO         1988    i.SPI_I2S_SendData  stm32f10x_spi.o
    0x080032b8   0x080032b8   0x0000003c   Code   RO         1989    i.SPI_Init          stm32f10x_spi.o
    0x080032f4   0x080032f4   0x00000002   Code   RO          145    i.SVC_Handler       stm32f10x_it.o
    0x080032f6   0x080032f6   0x00000002   PAD
    0x080032f8   0x080032f8   0x000000d4   Code   RO         2563    i.SendServer        main.o
    0x080033cc   0x080033cc   0x00000008   Code   RO           17    i.SetSysClock       system_stm32f10x.o
    0x080033d4   0x080033d4   0x000000e0   Code   RO           18    i.SetSysClockTo72   system_stm32f10x.o
    0x080034b4   0x080034b4   0x00000118   Code   RO         2564    i.Start             main.o
    0x080035cc   0x080035cc   0x00000010   Code   RO          146    i.SysTick_Handler   stm32f10x_it.o
    0x080035dc   0x080035dc   0x00000060   Code   RO           20    i.SystemInit        system_stm32f10x.o
    0x0800363c   0x0800363c   0x00000124   Code   RO          147    i.TIM2_IRQHandler   stm32f10x_it.o
    0x08003760   0x08003760   0x00000006   Code   RO         1254    i.TIM_ClearITPendingBit  stm32f10x_tim.o
    0x08003766   0x08003766   0x00000018   Code   RO         1259    i.TIM_Cmd           stm32f10x_tim.o
    0x0800377e   0x0800377e   0x00000022   Code   RO         1280    i.TIM_GetITStatus   stm32f10x_tim.o
    0x080037a0   0x080037a0   0x00000012   Code   RO         1284    i.TIM_ITConfig      stm32f10x_tim.o
    0x080037b2   0x080037b2   0x00000002   PAD
    0x080037b4   0x080037b4   0x00000098   Code   RO         1288    i.TIM_OC1Init       stm32f10x_tim.o
    0x0800384c   0x0800384c   0x00000012   Code   RO         1291    i.TIM_OC1PreloadConfig  stm32f10x_tim.o
    0x0800385e   0x0800385e   0x00000002   PAD
    0x08003860   0x08003860   0x000000a4   Code   RO         1330    i.TIM_TimeBaseInit  stm32f10x_tim.o
    0x08003904   0x08003904   0x00000012   Code   RO         1791    i.USART_ClearFlag   stm32f10x_usart.o
    0x08003916   0x08003916   0x00000018   Code   RO         1795    i.USART_Cmd         stm32f10x_usart.o
    0x0800392e   0x0800392e   0x00000012   Code   RO         1796    i.USART_DMACmd      stm32f10x_usart.o
    0x08003940   0x08003940   0x0000001a   Code   RO         1798    i.USART_GetFlagStatus  stm32f10x_usart.o
    0x0800395a   0x0800395a   0x00000002   PAD
    0x0800395c   0x0800395c   0x000000d8   Code   RO         1802    i.USART_Init        stm32f10x_usart.o
    0x08003a34   0x08003a34   0x00000008   Code   RO         1812    i.USART_SendData    stm32f10x_usart.o
    0x08003a3c   0x08003a3c   0x00000004   Code   RO          148    i.UsageFault_Handler  stm32f10x_it.o
    0x08003a40   0x08003a40   0x00000028   Code   RO         2888    i.__ARM_fpclassify  m_ws.l(fpclassify.o)
    0x08003a68   0x08003a68   0x0000000e   Code   RO         2747    i._is_digit         c_w.l(__printf_wp.o)
    0x08003a76   0x08003a76   0x00000002   PAD
    0x08003a78   0x08003a78   0x00000018   Code   RO          272    i.bsp_delayms       bsp.o
    0x08003a90   0x08003a90   0x00000042   Code   RO          273    i.fun_printf        bsp.o
    0x08003ad2   0x08003ad2   0x00000034   Code   RO          274    i.fun_spiSwap       bsp.o
    0x08003b06   0x08003b06   0x0000001e   Code   RO          276    i.fun_usartSend     bsp.o
    0x08003b24   0x08003b24   0x00000024   Code   RO          277    i.fun_usartSends    bsp.o
    0x08003b48   0x08003b48   0x0000026c   Code   RO         2565    i.main              main.o
    0x08003db4   0x08003db4   0x0000002c   Code   RO         2679    i.sqrtf             m_ws.l(sqrtf.o)
    0x08003de0   0x08003de0   0x0000002c   Code   RO         2876    locale$$code        c_w.l(lc_numeric_c.o)
    0x08003e0c   0x08003e0c   0x0000002c   Code   RO         2893    locale$$code        c_w.l(lc_ctype_c.o)
    0x08003e38   0x08003e38   0x00000062   Code   RO         2634    x$fpl$d2f           fz_ws.l(d2f.o)
    0x08003e9a   0x08003e9a   0x00000018   Code   RO         2834    x$fpl$dcmpinf       fz_ws.l(dcmpi.o)
    0x08003eb2   0x08003eb2   0x00000002   PAD
    0x08003eb4   0x08003eb4   0x000002b0   Code   RO         2637    x$fpl$ddiv          fz_ws.l(ddiv.o)
    0x08004164   0x08004164   0x00000026   Code   RO         2640    x$fpl$dfltu         fz_ws.l(dflt_clz.o)
    0x0800418a   0x0800418a   0x00000002   PAD
    0x0800418c   0x0800418c   0x00000078   Code   RO         2782    x$fpl$dleqf         fz_ws.l(dleqf.o)
    0x08004204   0x08004204   0x00000154   Code   RO         2646    x$fpl$dmul          fz_ws.l(dmul.o)
    0x08004358   0x08004358   0x0000009c   Code   RO         2784    x$fpl$dnaninf       fz_ws.l(dnaninf.o)
    0x080043f4   0x080043f4   0x0000000c   Code   RO         2786    x$fpl$dretinf       fz_ws.l(dretinf.o)
    0x08004400   0x08004400   0x0000006c   Code   RO         2648    x$fpl$drleqf        fz_ws.l(drleqf.o)
    0x0800446c   0x0800446c   0x00000056   Code   RO         2650    x$fpl$f2d           fz_ws.l(f2d.o)
    0x080044c2   0x080044c2   0x00000002   PAD
    0x080044c4   0x080044c4   0x000000c4   Code   RO         2652    x$fpl$fadd          fz_ws.l(faddsub_clz.o)
    0x08004588   0x08004588   0x00000018   Code   RO         2788    x$fpl$fcmpinf       fz_ws.l(fcmpi.o)
    0x080045a0   0x080045a0   0x00000184   Code   RO         2659    x$fpl$fdiv          fz_ws.l(fdiv.o)
    0x08004724   0x08004724   0x0000003e   Code   RO         2662    x$fpl$ffixu         fz_ws.l(ffixu.o)
    0x08004762   0x08004762   0x00000002   PAD
    0x08004764   0x08004764   0x00000030   Code   RO         2667    x$fpl$fflt          fz_ws.l(fflt_clz.o)
    0x08004794   0x08004794   0x00000026   Code   RO         2666    x$fpl$ffltu         fz_ws.l(fflt_clz.o)
    0x080047ba   0x080047ba   0x00000002   PAD
    0x080047bc   0x080047bc   0x00000068   Code   RO         2672    x$fpl$fleqf         fz_ws.l(fleqf.o)
    0x08004824   0x08004824   0x00000102   Code   RO         2674    x$fpl$fmul          fz_ws.l(fmul.o)
    0x08004926   0x08004926   0x0000008c   Code   RO         2790    x$fpl$fnaninf       fz_ws.l(fnaninf.o)
    0x080049b2   0x080049b2   0x0000000a   Code   RO         2792    x$fpl$fretinf       fz_ws.l(fretinf.o)
    0x080049bc   0x080049bc   0x00000062   Code   RO         2676    x$fpl$frleqf        fz_ws.l(frleqf.o)
    0x08004a1e   0x08004a1e   0x00000002   PAD
    0x08004a20   0x08004a20   0x00000110   Code   RO         2794    x$fpl$fsqrt         fz_ws.l(fsqrt.o)
    0x08004b30   0x08004b30   0x000000ea   Code   RO         2654    x$fpl$fsub          fz_ws.l(faddsub_clz.o)
    0x08004c1a   0x08004c1a   0x00000004   Code   RO         2796    x$fpl$printf1       fz_ws.l(printf1.o)
    0x08004c1e   0x08004c1e   0x00000000   Code   RO         2798    x$fpl$usenofp       fz_ws.l(usenofp.o)
    0x08004c1e   0x08004c1e   0x00000002   PAD
    0x08004c20   0x08004c20   0x00000008   Data   RO         2706    .constdata          c_w.l(_printf_wctomb.o)
    0x08004c28   0x08004c28   0x00000028   Data   RO         2735    .constdata          c_w.l(_printf_hex_int_ll_ptr.o)
    0x08004c50   0x08004c50   0x00000011   Data   RO         2755    .constdata          c_w.l(__printf_flags_ss_wp.o)
    0x08004c61   0x08004c61   0x00000003   PAD
    0x08004c64   0x08004c64   0x00000094   Data   RO         2851    .constdata          c_w.l(bigflt0.o)
    0x08004cf8   0x08004cf8   0x00000020   Data   RO         3019    Region$$Table       anon$$obj.o
    0x08004d18   0x08004d18   0x0000001c   Data   RO         2875    locale$$data        c_w.l(lc_numeric_c.o)
    0x08004d34   0x08004d34   0x00000110   Data   RO         2892    locale$$data        c_w.l(lc_ctype_c.o)


    Execution Region RW_IRAM1 (Exec base: 0x20000000, Load base: 0x08004e44, Size: 0x00000748, Max: 0x00005000, ABSOLUTE)

    Exec Addr    Load Addr    Size         Type   Attr      Idx    E Section Name        Object

    0x20000000   0x08004e44   0x00000014   Data   RW           21    .data               system_stm32f10x.o
    0x20000014   0x08004e58   0x00000008   Data   RW          149    .data               stm32f10x_it.o
    0x2000001c   0x08004e60   0x00000014   Data   RW         1075    .data               stm32f10x_rcc.o
    0x20000030   0x08004e74   0x0000001d   Data   RW         2567    .data               main.o
    0x2000004d   0x08004e91   0x00000003   PAD
    0x20000050        -       0x0000000c   Zero   RW          278    .bss                bsp.o
    0x2000005c        -       0x00000014   Zero   RW          366    .bss                adxl313.o
    0x20000070        -       0x00000074   Zero   RW         2566    .bss                main.o
    0x200000e4        -       0x00000060   Zero   RW         2837    .bss                c_w.l(libspace.o)
    0x20000144   0x08004e91   0x00000004   PAD
    0x20000148        -       0x00000200   Zero   RW          131    HEAP                startup_stm32f10x_md.o
    0x20000348        -       0x00000400   Zero   RW          130    STACK               startup_stm32f10x_md.o


==============================================================================

Image component sizes


      Code (inc. data)   RO Data    RW Data    ZI Data      Debug   Object Name

       588         38          0          0         20       4651   adxl313.o
      1660         60          0          0         12       9879   bsp.o
         0          0          0          0          0       4540   core_cm3.o
        58          4          0          0          0       1075   flash.o
       692         88          0          0          0       3617   lora.o
      1336        170          0         29        116      20434   main.o
       132         22          0          0          0       1419   misc.o
       282         16          0          0          0       2322   rtc.o
        64         26        236          0       1536        788   startup_stm32f10x_md.o
       390         10          0          0          0       7049   stm32f10x_adc.o
        16          0          0          0          0        505   stm32f10x_bkp.o
       416          8          0          0          0       3274   stm32f10x_dma.o
       200         18          0          0          0       1964   stm32f10x_exti.o
       274         30          0          0          0       3222   stm32f10x_flash.o
       494         10          0          0          0       4272   stm32f10x_gpio.o
       592         50          0          8          0       5874   stm32f10x_it.o
        68         30          0          0          0       2310   stm32f10x_iwdg.o
        12          6          0          0          0        534   stm32f10x_pwr.o
       488         74          0         20          0       7861   stm32f10x_rcc.o
       268         48          0          0          0       4866   stm32f10x_rtc.o
       112          0          0          0          0       3618   stm32f10x_spi.o
       416         62          0          0          0       4591   stm32f10x_tim.o
       310          6          0          0          0       4913   stm32f10x_usart.o
       328         28          0         20          0     283029   system_stm32f10x.o

    ----------------------------------------------------------------------
      9222        804        268         80       1684     386607   Object Totals
         0          0         32          0          0          0   (incl. Generated)
        26          0          0          3          0          0   (incl. Padding)

    ----------------------------------------------------------------------

      Code (inc. data)   RO Data    RW Data    ZI Data      Debug   Library Member Name

         8          0          0          0          0         68   __main.o
       392          4         17          0          0         92   __printf_flags_ss_wp.o
        14          0          0          0          0         68   __printf_wp.o
         0          0          0          0          0          0   __rtentry.o
        12          0          0          0          0          0   __rtentry2.o
         6          0          0          0          0          0   __rtentry4.o
        52          8          0          0          0          0   __scatter.o
        26          0          0          0          0          0   __scatter_copy.o
        28          0          0          0          0          0   __scatter_zi.o
         6          0          0          0          0          0   _printf_a.o
         6          0          0          0          0          0   _printf_c.o
        44          0          0          0          0        108   _printf_char.o
        48          6          0          0          0         96   _printf_char_common.o
        40          0          0          0          0         68   _printf_charcount.o
         6          0          0          0          0          0   _printf_d.o
       120         16          0          0          0         92   _printf_dec.o
         6          0          0          0          0          0   _printf_e.o
         6          0          0          0          0          0   _printf_f.o
      1054          0          0          0          0        216   _printf_fp_dec.o
       128         16          0          0          0         84   _printf_fp_infnan.o
         6          0          0          0          0          0   _printf_g.o
       148          4         40          0          0        160   _printf_hex_int_ll_ptr.o
         6          0          0          0          0          0   _printf_i.o
       178          0          0          0          0         88   _printf_intcommon.o
        10          0          0          0          0          0   _printf_l.o
         6          0          0          0          0          0   _printf_lc.o
        10          0          0          0          0          0   _printf_ll.o
         6          0          0          0          0          0   _printf_lld.o
         6          0          0          0          0          0   _printf_lli.o
         6          0          0          0          0          0   _printf_llo.o
         6          0          0          0          0          0   _printf_llu.o
         6          0          0          0          0          0   _printf_llx.o
       124         16          0          0          0         92   _printf_longlong_dec.o
         6          0          0          0          0          0   _printf_ls.o
         6          0          0          0          0          0   _printf_n.o
         6          0          0          0          0          0   _printf_o.o
       112         10          0          0          0        124   _printf_oct_int_ll.o
         6          0          0          0          0          0   _printf_p.o
        78          0          0          0          0        108   _printf_pad.o
         0          0          0          0          0          0   _printf_percent.o
         4          0          0          0          0          0   _printf_percent_end.o
         6          0          0          0          0          0   _printf_s.o
        82          0          0          0          0         80   _printf_str.o
        36          0          0          0          0         84   _printf_truncate.o
         6          0          0          0          0          0   _printf_u.o
        44          0          0          0          0        108   _printf_wchar.o
       188          6          8          0          0         92   _printf_wctomb.o
         6          0          0          0          0          0   _printf_x.o
        22          0          0          0          0        100   _rserrno.o
        10          0          0          0          0         68   _sputc.o
        64          0          0          0          0         92   _wcrtomb.o
       228          4        148          0          0         96   bigflt0.o
      1936        128          0          0          0        672   btod.o
        36          4          0          0          0         76   c89vsprintf.o
        18          0          0          0          0         80   exit.o
         6          0          0          0          0        152   heapauxi.o
         0          0          0          0          0          0   indicate_semi.o
        44         10        272          0          0         76   lc_ctype_c.o
        44         10         28          0          0         76   lc_numeric_c.o
         2          0          0          0          0          0   libinit.o
        30          0          0          0          0          0   libinit2.o
         2          0          0          0          0          0   libshutdown.o
         2          0          0          0          0          0   libshutdown2.o
         8          4          0          0         96         68   libspace.o
       138          0          0          0          0         80   lludiv10.o
        16          4          0          0          0         76   rt_ctype_table.o
         8          4          0          0          0         68   rt_errno_addr_intlibspace.o
         8          4          0          0          0         68   rt_locale_intlibspace.o
        78          0          0          0          0         80   rt_memclr_w.o
       138          0          0          0          0         68   rt_memcpy_v6.o
       100          0          0          0          0         80   rt_memcpy_w.o
         2          0          0          0          0          0   rtexit.o
        10          0          0          0          0          0   rtexit2.o
       128          0          0          0          0         68   strcmpv7m.o
        62          0          0          0          0         76   strlen.o
        36          0          0          0          0         76   strncat.o
        12          4          0          0          0         68   sys_exit.o
        74          0          0          0          0         80   sys_stackheap_outer.o
         2          0          0          0          0         68   use_no_semi.o
        98          4          0          0          0         92   d2f.o
        24          0          0          0          0         68   dcmpi.o
       688        140          0          0          0        208   ddiv.o
        38          0          0          0          0         68   dflt_clz.o
       120          4          0          0          0         92   dleqf.o
       340         12          0          0          0        104   dmul.o
       156          4          0          0          0         92   dnaninf.o
        12          0          0          0          0         68   dretinf.o
       108          0          0          0          0         80   drleqf.o
        86          4          0          0          0         84   f2d.o
       430          8          0          0          0        168   faddsub_clz.o
        24          0          0          0          0         68   fcmpi.o
       388         76          0          0          0         96   fdiv.o
        62          4          0          0          0         84   ffixu.o
        86          0          0          0          0        136   fflt_clz.o
       104          4          0          0          0         84   fleqf.o
       258          4          0          0          0         84   fmul.o
       140          4          0          0          0         84   fnaninf.o
        10          0          0          0          0         68   fretinf.o
        98          0          0          0          0         68   frleqf.o
       272        100          0          0          0         88   fsqrt.o
         4          0          0          0          0         68   printf1.o
         0          0          0          0          0          0   usenofp.o
        40          0          0          0          0         68   fpclassify.o
        44          0          0          0          0         80   sqrtf.o

    ----------------------------------------------------------------------
     10030        630        516          0        100       6540   Library Totals
        30          0          3          0          4          0   (incl. Padding)

    ----------------------------------------------------------------------

      Code (inc. data)   RO Data    RW Data    ZI Data      Debug   Library Name

      6370        262        513          0         96       4340   c_w.l
      3546        368          0          0          0       2052   fz_ws.l
        84          0          0          0          0        148   m_ws.l

    ----------------------------------------------------------------------
     10030        630        516          0        100       6540   Library Totals

    ----------------------------------------------------------------------

==============================================================================


      Code (inc. data)   RO Data    RW Data    ZI Data      Debug   

     19252       1434        784         80       1784     383159   Grand Totals
     19252       1434        784         80       1784     383159   ELF Image Totals
     19252       1434        784         80          0          0   ROM Totals

==============================================================================

    Total RO  Size (Code + RO Data)                20036 (  19.57kB)
    Total RW  Size (RW Data + ZI Data)              1864 (   1.82kB)
    Total ROM Size (Code + RO Data + RW Data)      20116 (  19.64kB)

==============================================================================

